constants/data.ts(12,5): error TS2322: Type '"REGULAR"' is not assignable to type 'GSTType'.
constants/data.ts(27,9): error TS2322: Type '"BOTH"' is not assignable to type 'PartyType'.
constants/data.ts(32,9): error TS2322: Type '"REGULAR"' is not assignable to type 'GSTType'.
constants/data.ts(47,9): error TS2322: Type '"CUSTOMER"' is not assignable to type 'PartyType'.
constants/data.ts(52,9): error TS2322: Type '"REGULAR"' is not assignable to type 'GSTType'.
constants/data.ts(67,9): error TS2322: Type '"CUSTOMER"' is not assignable to type 'PartyType'.
constants/data.ts(72,9): error TS2322: Type '"REGULAR"' is not assignable to type 'GSTType'.
constants/data.ts(87,9): error TS2322: Type '"VENDOR"' is not assignable to type 'PartyType'.
constants/data.ts(92,9): error TS2322: Type '"REGULAR"' is not assignable to type 'GSTType'.
constants/data.ts(107,9): error TS2322: Type '"CUSTOMER"' is not assignable to type 'PartyType'.
constants/data.ts(112,9): error TS2322: Type '"REGULAR"' is not assignable to type 'GSTType'.
constants/data.ts(127,9): error TS2322: Type '"BOTH"' is not assignable to type 'PartyType'.
constants/data.ts(132,9): error TS2322: Type '"REGULAR"' is not assignable to type 'GSTType'.
constants/data.ts(147,9): error TS2322: Type '"CUSTOMER"' is not assignable to type 'PartyType'.
constants/data.ts(152,9): error TS2322: Type '"REGULAR"' is not assignable to type 'GSTType'.
constants/data.ts(167,9): error TS2322: Type '"CUSTOMER"' is not assignable to type 'PartyType'.
constants/data.ts(172,9): error TS2322: Type '"REGULAR"' is not assignable to type 'GSTType'.
constants/data.ts(187,9): error TS2322: Type '"VENDOR"' is not assignable to type 'PartyType'.
constants/data.ts(192,9): error TS2322: Type '"REGULAR"' is not assignable to type 'GSTType'.
constants/data.ts(207,9): error TS2322: Type '"CUSTOMER"' is not assignable to type 'PartyType'.
constants/data.ts(212,9): error TS2322: Type '"REGULAR"' is not assignable to type 'GSTType'.
constants/data.ts(227,9): error TS2322: Type '"VENDOR"' is not assignable to type 'PartyType'.
constants/data.ts(232,9): error TS2322: Type '"REGULAR"' is not assignable to type 'GSTType'.
constants/data.ts(247,9): error TS2322: Type '"CUSTOMER"' is not assignable to type 'PartyType'.
constants/data.ts(252,9): error TS2322: Type '"REGULAR"' is not assignable to type 'GSTType'.
constants/data.ts(267,9): error TS2322: Type '"BOTH"' is not assignable to type 'PartyType'.
constants/data.ts(272,9): error TS2322: Type '"REGULAR"' is not assignable to type 'GSTType'.
constants/data.ts(287,9): error TS2322: Type '"CUSTOMER"' is not assignable to type 'PartyType'.
constants/data.ts(292,9): error TS2322: Type '"REGULAR"' is not assignable to type 'GSTType'.
constants/data.ts(307,9): error TS2322: Type '"VENDOR"' is not assignable to type 'PartyType'.
constants/data.ts(312,9): error TS2322: Type '"REGULAR"' is not assignable to type 'GSTType'.
constants/data.ts(327,9): error TS2322: Type '"CUSTOMER"' is not assignable to type 'PartyType'.
constants/data.ts(332,9): error TS2322: Type '"REGULAR"' is not assignable to type 'GSTType'.
constants/data.ts(347,9): error TS2322: Type '"CUSTOMER"' is not assignable to type 'PartyType'.
constants/data.ts(352,9): error TS2322: Type '"REGULAR"' is not assignable to type 'GSTType'.
constants/data.ts(367,9): error TS2322: Type '"CUSTOMER"' is not assignable to type 'PartyType'.
constants/data.ts(372,9): error TS2322: Type '"REGULAR"' is not assignable to type 'GSTType'.
constants/data.ts(387,9): error TS2322: Type '"CUSTOMER"' is not assignable to type 'PartyType'.
constants/data.ts(392,9): error TS2322: Type '"REGULAR"' is not assignable to type 'GSTType'.
constants/data.ts(407,9): error TS2322: Type '"BOTH"' is not assignable to type 'PartyType'.
constants/data.ts(412,9): error TS2322: Type '"REGULAR"' is not assignable to type 'GSTType'.
constants/data.ts(427,9): error TS2322: Type '"VENDOR"' is not assignable to type 'PartyType'.
constants/data.ts(432,9): error TS2322: Type '"REGULAR"' is not assignable to type 'GSTType'.
constants/data.ts(447,9): error TS2322: Type '"CUSTOMER"' is not assignable to type 'PartyType'.
constants/data.ts(452,9): error TS2322: Type '"REGULAR"' is not assignable to type 'GSTType'.
constants/data.ts(467,9): error TS2322: Type '"VENDOR"' is not assignable to type 'PartyType'.
constants/data.ts(472,9): error TS2322: Type '"REGULAR"' is not assignable to type 'GSTType'.
constants/data.ts(487,9): error TS2322: Type '"CUSTOMER"' is not assignable to type 'PartyType'.
constants/data.ts(492,9): error TS2322: Type '"REGULAR"' is not assignable to type 'GSTType'.
constants/data.ts(507,9): error TS2322: Type '"CUSTOMER"' is not assignable to type 'PartyType'.
constants/data.ts(512,9): error TS2322: Type '"REGULAR"' is not assignable to type 'GSTType'.
constants/data.ts(527,9): error TS2322: Type '"CUSTOMER"' is not assignable to type 'PartyType'.
constants/data.ts(532,9): error TS2322: Type '"REGULAR"' is not assignable to type 'GSTType'.
constants/data.ts(547,9): error TS2322: Type '"CUSTOMER"' is not assignable to type 'PartyType'.
constants/data.ts(552,9): error TS2322: Type '"REGULAR"' is not assignable to type 'GSTType'.
constants/data.ts(567,9): error TS2322: Type '"VENDOR"' is not assignable to type 'PartyType'.
constants/data.ts(572,9): error TS2322: Type '"REGULAR"' is not assignable to type 'GSTType'.
constants/data.ts(587,9): error TS2322: Type '"VENDOR"' is not assignable to type 'PartyType'.
constants/data.ts(592,9): error TS2322: Type '"REGULAR"' is not assignable to type 'GSTType'.
constants/data.ts(607,9): error TS2322: Type '"CUSTOMER"' is not assignable to type 'PartyType'.
constants/data.ts(612,9): error TS2322: Type '"REGULAR"' is not assignable to type 'GSTType'.
constants/data.ts(627,9): error TS2322: Type '"VENDOR"' is not assignable to type 'PartyType'.
constants/data.ts(632,9): error TS2322: Type '"REGULAR"' is not assignable to type 'GSTType'.
constants/data.ts(647,9): error TS2322: Type '"CUSTOMER"' is not assignable to type 'PartyType'.
constants/data.ts(652,9): error TS2322: Type '"REGULAR"' is not assignable to type 'GSTType'.
constants/data.ts(667,9): error TS2322: Type '"VENDOR"' is not assignable to type 'PartyType'.
constants/data.ts(672,9): error TS2322: Type '"REGULAR"' is not assignable to type 'GSTType'.
constants/data.ts(687,9): error TS2322: Type '"CUSTOMER"' is not assignable to type 'PartyType'.
constants/data.ts(692,9): error TS2322: Type '"REGULAR"' is not assignable to type 'GSTType'.
constants/data.ts(707,9): error TS2322: Type '"CUSTOMER"' is not assignable to type 'PartyType'.
constants/data.ts(712,9): error TS2322: Type '"REGULAR"' is not assignable to type 'GSTType'.
constants/data.ts(727,9): error TS2322: Type '"CUSTOMER"' is not assignable to type 'PartyType'.
constants/data.ts(732,9): error TS2322: Type '"REGULAR"' is not assignable to type 'GSTType'.
constants/data.ts(747,9): error TS2322: Type '"CUSTOMER"' is not assignable to type 'PartyType'.
constants/data.ts(752,9): error TS2322: Type '"REGULAR"' is not assignable to type 'GSTType'.
constants/data.ts(767,9): error TS2322: Type '"VENDOR"' is not assignable to type 'PartyType'.
constants/data.ts(772,9): error TS2322: Type '"REGULAR"' is not assignable to type 'GSTType'.
constants/data.ts(787,9): error TS2322: Type '"CUSTOMER"' is not assignable to type 'PartyType'.
constants/data.ts(792,9): error TS2322: Type '"REGULAR"' is not assignable to type 'GSTType'.
constants/data.ts(807,9): error TS2322: Type '"CUSTOMER"' is not assignable to type 'PartyType'.
constants/data.ts(812,9): error TS2322: Type '"REGULAR"' is not assignable to type 'GSTType'.
constants/data.ts(827,9): error TS2322: Type '"VENDOR"' is not assignable to type 'PartyType'.
constants/data.ts(832,9): error TS2322: Type '"REGULAR"' is not assignable to type 'GSTType'.
constants/data.ts(847,9): error TS2322: Type '"CUSTOMER"' is not assignable to type 'PartyType'.
constants/data.ts(852,9): error TS2322: Type '"REGULAR"' is not assignable to type 'GSTType'.
constants/data.ts(867,9): error TS2322: Type '"VENDOR"' is not assignable to type 'PartyType'.
constants/data.ts(872,9): error TS2322: Type '"REGULAR"' is not assignable to type 'GSTType'.
constants/data.ts(887,9): error TS2322: Type '"CUSTOMER"' is not assignable to type 'PartyType'.
constants/data.ts(892,9): error TS2322: Type '"REGULAR"' is not assignable to type 'GSTType'.
constants/data.ts(907,9): error TS2322: Type '"CUSTOMER"' is not assignable to type 'PartyType'.
constants/data.ts(912,9): error TS2322: Type '"REGULAR"' is not assignable to type 'GSTType'.
constants/data.ts(927,9): error TS2322: Type '"CUSTOMER"' is not assignable to type 'PartyType'.
constants/data.ts(932,9): error TS2322: Type '"REGULAR"' is not assignable to type 'GSTType'.
constants/data.ts(947,9): error TS2322: Type '"BOTH"' is not assignable to type 'PartyType'.
constants/data.ts(952,9): error TS2322: Type '"REGULAR"' is not assignable to type 'GSTType'.
constants/data.ts(967,9): error TS2322: Type '"BOTH"' is not assignable to type 'PartyType'.
constants/data.ts(972,9): error TS2322: Type '"REGULAR"' is not assignable to type 'GSTType'.
constants/data.ts(987,9): error TS2322: Type '"CUSTOMER"' is not assignable to type 'PartyType'.
constants/data.ts(992,9): error TS2322: Type '"REGULAR"' is not assignable to type 'GSTType'.
constants/data.ts(1007,9): error TS2322: Type '"CUSTOMER"' is not assignable to type 'PartyType'.
constants/data.ts(1012,9): error TS2322: Type '"REGULAR"' is not assignable to type 'GSTType'.
constants/data.ts(1027,9): error TS2322: Type '"CUSTOMER"' is not assignable to type 'PartyType'.
constants/data.ts(1032,9): error TS2322: Type '"REGULAR"' is not assignable to type 'GSTType'.
constants/data.ts(1047,9): error TS2322: Type '"CUSTOMER"' is not assignable to type 'PartyType'.
constants/data.ts(1052,9): error TS2322: Type '"REGULAR"' is not assignable to type 'GSTType'.
constants/data.ts(1067,9): error TS2322: Type '"CUSTOMER"' is not assignable to type 'PartyType'.
constants/data.ts(1072,9): error TS2322: Type '"REGULAR"' is not assignable to type 'GSTType'.
constants/data.ts(1087,9): error TS2322: Type '"CUSTOMER"' is not assignable to type 'PartyType'.
constants/data.ts(1092,9): error TS2322: Type '"REGULAR"' is not assignable to type 'GSTType'.
constants/data.ts(1107,9): error TS2322: Type '"CUSTOMER"' is not assignable to type 'PartyType'.
constants/data.ts(1112,9): error TS2322: Type '"REGULAR"' is not assignable to type 'GSTType'.
constants/data.ts(1127,9): error TS2322: Type '"CUSTOMER"' is not assignable to type 'PartyType'.
constants/data.ts(1132,9): error TS2322: Type '"REGULAR"' is not assignable to type 'GSTType'.
constants/data.ts(1147,9): error TS2322: Type '"CUSTOMER"' is not assignable to type 'PartyType'.
constants/data.ts(1152,9): error TS2322: Type '"REGULAR"' is not assignable to type 'GSTType'.
constants/data.ts(1167,9): error TS2322: Type '"VENDOR"' is not assignable to type 'PartyType'.
constants/data.ts(1172,9): error TS2322: Type '"REGULAR"' is not assignable to type 'GSTType'.
constants/data.ts(1187,9): error TS2322: Type '"CUSTOMER"' is not assignable to type 'PartyType'.
constants/data.ts(1192,9): error TS2322: Type '"REGULAR"' is not assignable to type 'GSTType'.
constants/data.ts(1207,9): error TS2322: Type '"CUSTOMER"' is not assignable to type 'PartyType'.
constants/data.ts(1212,9): error TS2322: Type '"REGULAR"' is not assignable to type 'GSTType'.
constants/data.ts(1231,9): error TS2322: Type '"goods"' is not assignable to type '"product" | "service"'.
constants/data.ts(1246,9): error TS2322: Type '"goods"' is not assignable to type '"product" | "service"'.
constants/data.ts(1261,9): error TS2322: Type '"goods"' is not assignable to type '"product" | "service"'.
constants/data.ts(1276,9): error TS2322: Type '"goods"' is not assignable to type '"product" | "service"'.
constants/data.ts(1291,9): error TS2322: Type '"goods"' is not assignable to type '"product" | "service"'.
constants/data.ts(1306,9): error TS2322: Type '"goods"' is not assignable to type '"product" | "service"'.
constants/data.ts(1321,9): error TS2322: Type '"goods"' is not assignable to type '"product" | "service"'.
constants/data.ts(1336,9): error TS2322: Type '"goods"' is not assignable to type '"product" | "service"'.
constants/data.ts(1351,9): error TS2322: Type '"goods"' is not assignable to type '"product" | "service"'.
constants/data.ts(1366,9): error TS2322: Type '"goods"' is not assignable to type '"product" | "service"'.
constants/data.ts(1381,9): error TS2322: Type '"goods"' is not assignable to type '"product" | "service"'.
constants/data.ts(1396,9): error TS2322: Type '"goods"' is not assignable to type '"product" | "service"'.
constants/data.ts(1411,9): error TS2322: Type '"goods"' is not assignable to type '"product" | "service"'.
constants/data.ts(1426,9): error TS2322: Type '"goods"' is not assignable to type '"product" | "service"'.
constants/data.ts(1441,9): error TS2322: Type '"goods"' is not assignable to type '"product" | "service"'.
constants/data.ts(1456,9): error TS2322: Type '"goods"' is not assignable to type '"product" | "service"'.
constants/data.ts(1471,9): error TS2322: Type '"goods"' is not assignable to type '"product" | "service"'.
constants/data.ts(1486,9): error TS2322: Type '"goods"' is not assignable to type '"product" | "service"'.
constants/data.ts(1501,9): error TS2322: Type '"goods"' is not assignable to type '"product" | "service"'.
constants/data.ts(1516,9): error TS2322: Type '"goods"' is not assignable to type '"product" | "service"'.
constants/data.ts(1531,9): error TS2322: Type '"goods"' is not assignable to type '"product" | "service"'.
constants/data.ts(1546,9): error TS2322: Type '"goods"' is not assignable to type '"product" | "service"'.
constants/data.ts(1561,9): error TS2322: Type '"goods"' is not assignable to type '"product" | "service"'.
constants/data.ts(1576,9): error TS2322: Type '"goods"' is not assignable to type '"product" | "service"'.
constants/data.ts(1591,9): error TS2322: Type '"goods"' is not assignable to type '"product" | "service"'.
constants/data.ts(1606,9): error TS2322: Type '"goods"' is not assignable to type '"product" | "service"'.
constants/data.ts(1621,9): error TS2322: Type '"goods"' is not assignable to type '"product" | "service"'.
constants/data.ts(1636,9): error TS2322: Type '"goods"' is not assignable to type '"product" | "service"'.
constants/data.ts(1651,9): error TS2322: Type '"goods"' is not assignable to type '"product" | "service"'.
constants/data.ts(1666,9): error TS2322: Type '"goods"' is not assignable to type '"product" | "service"'.
constants/data.ts(1681,9): error TS2322: Type '"goods"' is not assignable to type '"product" | "service"'.
constants/data.ts(1696,9): error TS2322: Type '"goods"' is not assignable to type '"product" | "service"'.
constants/data.ts(1711,9): error TS2322: Type '"goods"' is not assignable to type '"product" | "service"'.
constants/data.ts(1726,9): error TS2322: Type '"goods"' is not assignable to type '"product" | "service"'.
constants/data.ts(1741,9): error TS2322: Type '"goods"' is not assignable to type '"product" | "service"'.
constants/data.ts(1756,9): error TS2322: Type '"goods"' is not assignable to type '"product" | "service"'.
constants/data.ts(1771,9): error TS2322: Type '"goods"' is not assignable to type '"product" | "service"'.
constants/data.ts(1786,9): error TS2322: Type '"goods"' is not assignable to type '"product" | "service"'.
constants/data.ts(1801,9): error TS2322: Type '"goods"' is not assignable to type '"product" | "service"'.
constants/data.ts(1816,9): error TS2322: Type '"goods"' is not assignable to type '"product" | "service"'.
constants/data.ts(1833,9): error TS2322: Type '"SALES_INVOICE"' is not assignable to type 'DocumentType.SALES_INVOICE'.
constants/data.ts(1857,17): error TS2322: Type 'number' is not assignable to type 'TaxRate'.
constants/data.ts(1872,17): error TS2322: Type 'number' is not assignable to type 'TaxRate'.
constants/data.ts(1887,17): error TS2322: Type 'number' is not assignable to type 'TaxRate'.
constants/data.ts(1903,9): error TS2322: Type '"SALES_INVOICE"' is not assignable to type 'DocumentType.SALES_INVOICE'.
constants/data.ts(1927,17): error TS2322: Type 'number' is not assignable to type 'TaxRate'.
constants/data.ts(1942,17): error TS2322: Type 'number' is not assignable to type 'TaxRate'.
constants/data.ts(1957,17): error TS2322: Type 'number' is not assignable to type 'TaxRate'.
constants/data.ts(1973,9): error TS2322: Type '"SALES_INVOICE"' is not assignable to type 'DocumentType.SALES_INVOICE'.
constants/data.ts(1997,17): error TS2322: Type 'number' is not assignable to type 'TaxRate'.
constants/data.ts(2012,17): error TS2322: Type 'number' is not assignable to type 'TaxRate'.
constants/data.ts(2028,9): error TS2322: Type '"SALES_INVOICE"' is not assignable to type 'DocumentType.SALES_INVOICE'.
constants/data.ts(2052,17): error TS2322: Type 'number' is not assignable to type 'TaxRate'.
constants/data.ts(2067,17): error TS2322: Type 'number' is not assignable to type 'TaxRate'.
constants/data.ts(2082,17): error TS2322: Type 'number' is not assignable to type 'TaxRate'.
constants/data.ts(2098,9): error TS2322: Type '"SALES_INVOICE"' is not assignable to type 'DocumentType.SALES_INVOICE'.
constants/data.ts(2122,17): error TS2322: Type 'number' is not assignable to type 'TaxRate'.
constants/data.ts(2137,17): error TS2322: Type 'number' is not assignable to type 'TaxRate'.
constants/data.ts(2152,17): error TS2322: Type 'number' is not assignable to type 'TaxRate'.
constants/data.ts(2167,17): error TS2322: Type 'number' is not assignable to type 'TaxRate'.
constants/data.ts(2182,17): error TS2322: Type 'number' is not assignable to type 'TaxRate'.
constants/data.ts(2198,9): error TS2322: Type '"SALES_INVOICE"' is not assignable to type 'DocumentType.SALES_INVOICE'.
constants/data.ts(2222,17): error TS2322: Type 'number' is not assignable to type 'TaxRate'.
constants/data.ts(2237,17): error TS2322: Type 'number' is not assignable to type 'TaxRate'.
constants/data.ts(2252,17): error TS2322: Type 'number' is not assignable to type 'TaxRate'.
constants/data.ts(2267,17): error TS2322: Type 'number' is not assignable to type 'TaxRate'.
constants/data.ts(2282,17): error TS2322: Type 'number' is not assignable to type 'TaxRate'.
constants/data.ts(2297,17): error TS2322: Type 'number' is not assignable to type 'TaxRate'.
constants/data.ts(2313,9): error TS2322: Type '"SALES_INVOICE"' is not assignable to type 'DocumentType.SALES_INVOICE'.
constants/data.ts(2337,17): error TS2322: Type 'number' is not assignable to type 'TaxRate'.
constants/data.ts(2353,9): error TS2322: Type '"SALES_INVOICE"' is not assignable to type 'DocumentType.SALES_INVOICE'.
constants/data.ts(2377,17): error TS2322: Type 'number' is not assignable to type 'TaxRate'.
constants/data.ts(2392,17): error TS2322: Type 'number' is not assignable to type 'TaxRate'.
constants/data.ts(2407,17): error TS2322: Type 'number' is not assignable to type 'TaxRate'.
constants/data.ts(2423,9): error TS2322: Type '"SALES_INVOICE"' is not assignable to type 'DocumentType.SALES_INVOICE'.
constants/data.ts(2447,17): error TS2322: Type 'number' is not assignable to type 'TaxRate'.
constants/data.ts(2462,17): error TS2322: Type 'number' is not assignable to type 'TaxRate'.
constants/data.ts(2477,17): error TS2322: Type 'number' is not assignable to type 'TaxRate'.
constants/data.ts(2492,17): error TS2322: Type 'number' is not assignable to type 'TaxRate'.
constants/data.ts(2507,17): error TS2322: Type 'number' is not assignable to type 'TaxRate'.
constants/data.ts(2523,9): error TS2322: Type '"SALES_INVOICE"' is not assignable to type 'DocumentType.SALES_INVOICE'.
constants/data.ts(2547,17): error TS2322: Type 'number' is not assignable to type 'TaxRate'.
constants/data.ts(2562,17): error TS2322: Type 'number' is not assignable to type 'TaxRate'.
constants/data.ts(2577,17): error TS2322: Type 'number' is not assignable to type 'TaxRate'.
constants/data.ts(2592,17): error TS2322: Type 'number' is not assignable to type 'TaxRate'.
constants/data.ts(2607,17): error TS2322: Type 'number' is not assignable to type 'TaxRate'.
constants/data.ts(2622,17): error TS2322: Type 'number' is not assignable to type 'TaxRate'.
constants/data.ts(2638,9): error TS2322: Type '"SALES_INVOICE"' is not assignable to type 'DocumentType.SALES_INVOICE'.
constants/data.ts(2662,17): error TS2322: Type 'number' is not assignable to type 'TaxRate'.
constants/data.ts(2678,9): error TS2322: Type '"SALES_INVOICE"' is not assignable to type 'DocumentType.SALES_INVOICE'.
constants/data.ts(2702,17): error TS2322: Type 'number' is not assignable to type 'TaxRate'.
constants/data.ts(2717,17): error TS2322: Type 'number' is not assignable to type 'TaxRate'.
constants/data.ts(2732,17): error TS2322: Type 'number' is not assignable to type 'TaxRate'.
constants/data.ts(2747,17): error TS2322: Type 'number' is not assignable to type 'TaxRate'.
constants/data.ts(2763,9): error TS2322: Type '"SALES_INVOICE"' is not assignable to type 'DocumentType.SALES_INVOICE'.
constants/data.ts(2787,17): error TS2322: Type 'number' is not assignable to type 'TaxRate'.
constants/data.ts(2802,17): error TS2322: Type 'number' is not assignable to type 'TaxRate'.
constants/data.ts(2817,17): error TS2322: Type 'number' is not assignable to type 'TaxRate'.
constants/data.ts(2833,9): error TS2322: Type '"SALES_INVOICE"' is not assignable to type 'DocumentType.SALES_INVOICE'.
constants/data.ts(2857,17): error TS2322: Type 'number' is not assignable to type 'TaxRate'.
constants/data.ts(2872,17): error TS2322: Type 'number' is not assignable to type 'TaxRate'.
constants/data.ts(2887,17): error TS2322: Type 'number' is not assignable to type 'TaxRate'.
constants/data.ts(2902,17): error TS2322: Type 'number' is not assignable to type 'TaxRate'.
constants/data.ts(2917,17): error TS2322: Type 'number' is not assignable to type 'TaxRate'.
constants/data.ts(2932,17): error TS2322: Type 'number' is not assignable to type 'TaxRate'.
constants/data.ts(2948,9): error TS2322: Type '"SALES_INVOICE"' is not assignable to type 'DocumentType.SALES_INVOICE'.
constants/data.ts(2972,17): error TS2322: Type 'number' is not assignable to type 'TaxRate'.
constants/data.ts(2987,17): error TS2322: Type 'number' is not assignable to type 'TaxRate'.
constants/data.ts(3002,17): error TS2322: Type 'number' is not assignable to type 'TaxRate'.
constants/data.ts(3017,17): error TS2322: Type 'number' is not assignable to type 'TaxRate'.
constants/data.ts(3033,9): error TS2322: Type '"SALES_INVOICE"' is not assignable to type 'DocumentType.SALES_INVOICE'.
constants/data.ts(3057,17): error TS2322: Type 'number' is not assignable to type 'TaxRate'.
constants/data.ts(3072,17): error TS2322: Type 'number' is not assignable to type 'TaxRate'.
constants/data.ts(3087,17): error TS2322: Type 'number' is not assignable to type 'TaxRate'.
constants/data.ts(3102,17): error TS2322: Type 'number' is not assignable to type 'TaxRate'.
constants/data.ts(3118,9): error TS2322: Type '"SALES_INVOICE"' is not assignable to type 'DocumentType.SALES_INVOICE'.
constants/data.ts(3142,17): error TS2322: Type 'number' is not assignable to type 'TaxRate'.
constants/data.ts(3157,17): error TS2322: Type 'number' is not assignable to type 'TaxRate'.
constants/data.ts(3172,17): error TS2322: Type 'number' is not assignable to type 'TaxRate'.
constants/data.ts(3188,9): error TS2322: Type '"SALES_INVOICE"' is not assignable to type 'DocumentType.SALES_INVOICE'.
constants/data.ts(3212,17): error TS2322: Type 'number' is not assignable to type 'TaxRate'.
constants/data.ts(3227,17): error TS2322: Type 'number' is not assignable to type 'TaxRate'.
constants/data.ts(3242,17): error TS2322: Type 'number' is not assignable to type 'TaxRate'.
constants/data.ts(3257,17): error TS2322: Type 'number' is not assignable to type 'TaxRate'.
constants/data.ts(3272,17): error TS2322: Type 'number' is not assignable to type 'TaxRate'.
constants/data.ts(3288,9): error TS2322: Type '"SALES_INVOICE"' is not assignable to type 'DocumentType.SALES_INVOICE'.
constants/data.ts(3312,17): error TS2322: Type 'number' is not assignable to type 'TaxRate'.
constants/data.ts(3327,17): error TS2322: Type 'number' is not assignable to type 'TaxRate'.
constants/data.ts(3342,17): error TS2322: Type 'number' is not assignable to type 'TaxRate'.
constants/data.ts(3358,9): error TS2322: Type '"SALES_INVOICE"' is not assignable to type 'DocumentType.SALES_INVOICE'.
constants/data.ts(3382,17): error TS2322: Type 'number' is not assignable to type 'TaxRate'.
constants/data.ts(3397,17): error TS2322: Type 'number' is not assignable to type 'TaxRate'.
constants/data.ts(3412,17): error TS2322: Type 'number' is not assignable to type 'TaxRate'.
constants/data.ts(3427,17): error TS2322: Type 'number' is not assignable to type 'TaxRate'.
constants/data.ts(3443,9): error TS2322: Type '"SALES_INVOICE"' is not assignable to type 'DocumentType.SALES_INVOICE'.
constants/data.ts(3467,17): error TS2322: Type 'number' is not assignable to type 'TaxRate'.
constants/data.ts(3482,17): error TS2322: Type 'number' is not assignable to type 'TaxRate'.
constants/data.ts(3497,17): error TS2322: Type 'number' is not assignable to type 'TaxRate'.
constants/data.ts(3512,17): error TS2322: Type 'number' is not assignable to type 'TaxRate'.
constants/data.ts(3527,17): error TS2322: Type 'number' is not assignable to type 'TaxRate'.
constants/data.ts(3543,9): error TS2322: Type '"SALES_INVOICE"' is not assignable to type 'DocumentType.SALES_INVOICE'.
constants/data.ts(3567,17): error TS2322: Type 'number' is not assignable to type 'TaxRate'.
constants/data.ts(3582,17): error TS2322: Type 'number' is not assignable to type 'TaxRate'.
constants/data.ts(3597,17): error TS2322: Type 'number' is not assignable to type 'TaxRate'.
constants/data.ts(3612,17): error TS2322: Type 'number' is not assignable to type 'TaxRate'.
constants/data.ts(3628,9): error TS2322: Type '"SALES_INVOICE"' is not assignable to type 'DocumentType.SALES_INVOICE'.
constants/data.ts(3652,17): error TS2322: Type 'number' is not assignable to type 'TaxRate'.
constants/data.ts(3667,17): error TS2322: Type 'number' is not assignable to type 'TaxRate'.
constants/data.ts(3682,17): error TS2322: Type 'number' is not assignable to type 'TaxRate'.
constants/data.ts(3697,17): error TS2322: Type 'number' is not assignable to type 'TaxRate'.
constants/data.ts(3712,17): error TS2322: Type 'number' is not assignable to type 'TaxRate'.
constants/data.ts(3728,9): error TS2322: Type '"SALES_INVOICE"' is not assignable to type 'DocumentType.SALES_INVOICE'.
constants/data.ts(3752,17): error TS2322: Type 'number' is not assignable to type 'TaxRate'.
constants/data.ts(3768,9): error TS2322: Type '"SALES_INVOICE"' is not assignable to type 'DocumentType.SALES_INVOICE'.
constants/data.ts(3792,17): error TS2322: Type 'number' is not assignable to type 'TaxRate'.
constants/data.ts(3807,17): error TS2322: Type 'number' is not assignable to type 'TaxRate'.
constants/data.ts(3822,17): error TS2322: Type 'number' is not assignable to type 'TaxRate'.
constants/data.ts(3837,17): error TS2322: Type 'number' is not assignable to type 'TaxRate'.
constants/data.ts(3853,9): error TS2322: Type '"SALES_INVOICE"' is not assignable to type 'DocumentType.SALES_INVOICE'.
constants/data.ts(3877,17): error TS2322: Type 'number' is not assignable to type 'TaxRate'.
constants/data.ts(3892,17): error TS2322: Type 'number' is not assignable to type 'TaxRate'.
constants/data.ts(3907,17): error TS2322: Type 'number' is not assignable to type 'TaxRate'.
constants/data.ts(3922,17): error TS2322: Type 'number' is not assignable to type 'TaxRate'.
constants/data.ts(3937,17): error TS2322: Type 'number' is not assignable to type 'TaxRate'.
constants/data.ts(3952,17): error TS2322: Type 'number' is not assignable to type 'TaxRate'.
constants/data.ts(3968,9): error TS2322: Type '"SALES_INVOICE"' is not assignable to type 'DocumentType.SALES_INVOICE'.
constants/data.ts(3992,17): error TS2322: Type 'number' is not assignable to type 'TaxRate'.
constants/data.ts(4007,17): error TS2322: Type 'number' is not assignable to type 'TaxRate'.
constants/data.ts(4022,17): error TS2322: Type 'number' is not assignable to type 'TaxRate'.
constants/data.ts(4037,17): error TS2322: Type 'number' is not assignable to type 'TaxRate'.
constants/data.ts(4053,9): error TS2322: Type '"SALES_INVOICE"' is not assignable to type 'DocumentType.SALES_INVOICE'.
constants/data.ts(4077,17): error TS2322: Type 'number' is not assignable to type 'TaxRate'.
constants/data.ts(4092,17): error TS2322: Type 'number' is not assignable to type 'TaxRate'.
constants/data.ts(4107,17): error TS2322: Type 'number' is not assignable to type 'TaxRate'.
constants/data.ts(4122,17): error TS2322: Type 'number' is not assignable to type 'TaxRate'.
constants/data.ts(4137,17): error TS2322: Type 'number' is not assignable to type 'TaxRate'.
constants/data.ts(4152,17): error TS2322: Type 'number' is not assignable to type 'TaxRate'.
constants/data.ts(4168,9): error TS2322: Type '"SALES_INVOICE"' is not assignable to type 'DocumentType.SALES_INVOICE'.
constants/data.ts(4192,17): error TS2322: Type 'number' is not assignable to type 'TaxRate'.
constants/data.ts(4207,17): error TS2322: Type 'number' is not assignable to type 'TaxRate'.
constants/data.ts(4222,17): error TS2322: Type 'number' is not assignable to type 'TaxRate'.
constants/data.ts(4237,17): error TS2322: Type 'number' is not assignable to type 'TaxRate'.
constants/data.ts(4252,17): error TS2322: Type 'number' is not assignable to type 'TaxRate'.
constants/data.ts(4267,17): error TS2322: Type 'number' is not assignable to type 'TaxRate'.
constants/data.ts(4283,9): error TS2322: Type '"SALES_INVOICE"' is not assignable to type 'DocumentType.SALES_INVOICE'.
constants/data.ts(4307,17): error TS2322: Type 'number' is not assignable to type 'TaxRate'.
constants/data.ts(4322,17): error TS2322: Type 'number' is not assignable to type 'TaxRate'.
constants/data.ts(4337,17): error TS2322: Type 'number' is not assignable to type 'TaxRate'.
constants/data.ts(4352,17): error TS2322: Type 'number' is not assignable to type 'TaxRate'.
constants/data.ts(4367,17): error TS2322: Type 'number' is not assignable to type 'TaxRate'.
constants/data.ts(4383,9): error TS2322: Type '"SALES_INVOICE"' is not assignable to type 'DocumentType.SALES_INVOICE'.
constants/data.ts(4407,17): error TS2322: Type 'number' is not assignable to type 'TaxRate'.
constants/data.ts(4422,17): error TS2322: Type 'number' is not assignable to type 'TaxRate'.
constants/data.ts(4438,9): error TS2322: Type '"SALES_INVOICE"' is not assignable to type 'DocumentType.SALES_INVOICE'.
constants/data.ts(4462,17): error TS2322: Type 'number' is not assignable to type 'TaxRate'.
constants/data.ts(4477,17): error TS2322: Type 'number' is not assignable to type 'TaxRate'.
constants/data.ts(4492,17): error TS2322: Type 'number' is not assignable to type 'TaxRate'.
constants/data.ts(4507,17): error TS2322: Type 'number' is not assignable to type 'TaxRate'.
constants/data.ts(4522,17): error TS2322: Type 'number' is not assignable to type 'TaxRate'.
constants/data.ts(4538,9): error TS2322: Type '"SALES_INVOICE"' is not assignable to type 'DocumentType.SALES_INVOICE'.
constants/data.ts(4562,17): error TS2322: Type 'number' is not assignable to type 'TaxRate'.
constants/data.ts(4578,9): error TS2322: Type '"SALES_INVOICE"' is not assignable to type 'DocumentType.SALES_INVOICE'.
constants/data.ts(4602,17): error TS2322: Type 'number' is not assignable to type 'TaxRate'.
constants/data.ts(4617,17): error TS2322: Type 'number' is not assignable to type 'TaxRate'.
constants/data.ts(4632,17): error TS2322: Type 'number' is not assignable to type 'TaxRate'.
constants/data.ts(4647,17): error TS2322: Type 'number' is not assignable to type 'TaxRate'.
constants/data.ts(4662,17): error TS2322: Type 'number' is not assignable to type 'TaxRate'.
constants/data.ts(4678,9): error TS2322: Type '"SALES_INVOICE"' is not assignable to type 'DocumentType.SALES_INVOICE'.
constants/data.ts(4702,17): error TS2322: Type 'number' is not assignable to type 'TaxRate'.
constants/data.ts(4717,17): error TS2322: Type 'number' is not assignable to type 'TaxRate'.
constants/data.ts(4732,17): error TS2322: Type 'number' is not assignable to type 'TaxRate'.
constants/data.ts(4748,9): error TS2322: Type '"SALES_INVOICE"' is not assignable to type 'DocumentType.SALES_INVOICE'.
constants/data.ts(4772,17): error TS2322: Type 'number' is not assignable to type 'TaxRate'.
constants/data.ts(4787,17): error TS2322: Type 'number' is not assignable to type 'TaxRate'.
constants/data.ts(4803,9): error TS2322: Type '"SALES_INVOICE"' is not assignable to type 'DocumentType.SALES_INVOICE'.
constants/data.ts(4827,17): error TS2322: Type 'number' is not assignable to type 'TaxRate'.
constants/data.ts(4842,17): error TS2322: Type 'number' is not assignable to type 'TaxRate'.
constants/data.ts(4857,17): error TS2322: Type 'number' is not assignable to type 'TaxRate'.
constants/data.ts(4873,9): error TS2322: Type '"SALES_INVOICE"' is not assignable to type 'DocumentType.SALES_INVOICE'.
constants/data.ts(4897,17): error TS2322: Type 'number' is not assignable to type 'TaxRate'.
constants/data.ts(4912,17): error TS2322: Type 'number' is not assignable to type 'TaxRate'.
constants/data.ts(4927,17): error TS2322: Type 'number' is not assignable to type 'TaxRate'.
constants/data.ts(4942,17): error TS2322: Type 'number' is not assignable to type 'TaxRate'.
constants/data.ts(4958,9): error TS2322: Type '"SALES_INVOICE"' is not assignable to type 'DocumentType.SALES_INVOICE'.
constants/data.ts(4982,17): error TS2322: Type 'number' is not assignable to type 'TaxRate'.
constants/data.ts(4997,17): error TS2322: Type 'number' is not assignable to type 'TaxRate'.
constants/data.ts(5012,17): error TS2322: Type 'number' is not assignable to type 'TaxRate'.
constants/data.ts(5027,17): error TS2322: Type 'number' is not assignable to type 'TaxRate'.
constants/data.ts(5042,17): error TS2322: Type 'number' is not assignable to type 'TaxRate'.
constants/data.ts(5057,17): error TS2322: Type 'number' is not assignable to type 'TaxRate'.
constants/data.ts(5073,9): error TS2322: Type '"SALES_INVOICE"' is not assignable to type 'DocumentType.SALES_INVOICE'.
constants/data.ts(5097,17): error TS2322: Type 'number' is not assignable to type 'TaxRate'.
constants/data.ts(5112,17): error TS2322: Type 'number' is not assignable to type 'TaxRate'.
constants/data.ts(5128,9): error TS2322: Type '"SALES_INVOICE"' is not assignable to type 'DocumentType.SALES_INVOICE'.
constants/data.ts(5152,17): error TS2322: Type 'number' is not assignable to type 'TaxRate'.
constants/data.ts(5167,17): error TS2322: Type 'number' is not assignable to type 'TaxRate'.
constants/data.ts(5182,17): error TS2322: Type 'number' is not assignable to type 'TaxRate'.
constants/data.ts(5198,9): error TS2322: Type '"SALES_INVOICE"' is not assignable to type 'DocumentType.SALES_INVOICE'.
constants/data.ts(5222,17): error TS2322: Type 'number' is not assignable to type 'TaxRate'.
constants/data.ts(5237,17): error TS2322: Type 'number' is not assignable to type 'TaxRate'.
constants/data.ts(5253,9): error TS2322: Type '"SALES_INVOICE"' is not assignable to type 'DocumentType.SALES_INVOICE'.
constants/data.ts(5277,17): error TS2322: Type 'number' is not assignable to type 'TaxRate'.
constants/data.ts(5293,9): error TS2322: Type '"SALES_INVOICE"' is not assignable to type 'DocumentType.SALES_INVOICE'.
constants/data.ts(5317,17): error TS2322: Type 'number' is not assignable to type 'TaxRate'.
constants/data.ts(5332,17): error TS2322: Type 'number' is not assignable to type 'TaxRate'.
constants/data.ts(5347,17): error TS2322: Type 'number' is not assignable to type 'TaxRate'.
constants/data.ts(5363,9): error TS2322: Type '"SALES_INVOICE"' is not assignable to type 'DocumentType.SALES_INVOICE'.
constants/data.ts(5387,17): error TS2322: Type 'number' is not assignable to type 'TaxRate'.
constants/data.ts(5402,17): error TS2322: Type 'number' is not assignable to type 'TaxRate'.
constants/data.ts(5417,17): error TS2322: Type 'number' is not assignable to type 'TaxRate'.
constants/data.ts(5432,17): error TS2322: Type 'number' is not assignable to type 'TaxRate'.
constants/data.ts(5447,17): error TS2322: Type 'number' is not assignable to type 'TaxRate'.
constants/data.ts(5463,9): error TS2322: Type '"SALES_INVOICE"' is not assignable to type 'DocumentType.SALES_INVOICE'.
constants/data.ts(5487,17): error TS2322: Type 'number' is not assignable to type 'TaxRate'.
constants/data.ts(5502,17): error TS2322: Type 'number' is not assignable to type 'TaxRate'.
constants/data.ts(5518,9): error TS2322: Type '"SALES_INVOICE"' is not assignable to type 'DocumentType.SALES_INVOICE'.
constants/data.ts(5542,17): error TS2322: Type 'number' is not assignable to type 'TaxRate'.
constants/data.ts(5557,17): error TS2322: Type 'number' is not assignable to type 'TaxRate'.
constants/data.ts(5572,17): error TS2322: Type 'number' is not assignable to type 'TaxRate'.
constants/data.ts(5587,17): error TS2322: Type 'number' is not assignable to type 'TaxRate'.
constants/data.ts(5602,17): error TS2322: Type 'number' is not assignable to type 'TaxRate'.
constants/data.ts(5618,9): error TS2322: Type '"SALES_INVOICE"' is not assignable to type 'DocumentType.SALES_INVOICE'.
constants/data.ts(5642,17): error TS2322: Type 'number' is not assignable to type 'TaxRate'.
constants/data.ts(5657,17): error TS2322: Type 'number' is not assignable to type 'TaxRate'.
constants/data.ts(5672,17): error TS2322: Type 'number' is not assignable to type 'TaxRate'.
constants/data.ts(5687,17): error TS2322: Type 'number' is not assignable to type 'TaxRate'.
constants/data.ts(5702,17): error TS2322: Type 'number' is not assignable to type 'TaxRate'.
constants/data.ts(5718,9): error TS2322: Type '"SALES_INVOICE"' is not assignable to type 'DocumentType.SALES_INVOICE'.
constants/data.ts(5742,17): error TS2322: Type 'number' is not assignable to type 'TaxRate'.
constants/data.ts(5757,17): error TS2322: Type 'number' is not assignable to type 'TaxRate'.
constants/data.ts(5773,9): error TS2322: Type '"SALES_INVOICE"' is not assignable to type 'DocumentType.SALES_INVOICE'.
constants/data.ts(5797,17): error TS2322: Type 'number' is not assignable to type 'TaxRate'.
constants/data.ts(5812,17): error TS2322: Type 'number' is not assignable to type 'TaxRate'.
constants/data.ts(5827,17): error TS2322: Type 'number' is not assignable to type 'TaxRate'.
constants/data.ts(5842,17): error TS2322: Type 'number' is not assignable to type 'TaxRate'.
constants/data.ts(5858,9): error TS2322: Type '"SALES_INVOICE"' is not assignable to type 'DocumentType.SALES_INVOICE'.
constants/data.ts(5882,17): error TS2322: Type 'number' is not assignable to type 'TaxRate'.
constants/data.ts(5897,17): error TS2322: Type 'number' is not assignable to type 'TaxRate'.
constants/data.ts(5912,17): error TS2322: Type 'number' is not assignable to type 'TaxRate'.
constants/data.ts(5928,9): error TS2322: Type '"SALES_INVOICE"' is not assignable to type 'DocumentType.SALES_INVOICE'.
constants/data.ts(5952,17): error TS2322: Type 'number' is not assignable to type 'TaxRate'.
constants/data.ts(5967,17): error TS2322: Type 'number' is not assignable to type 'TaxRate'.
constants/data.ts(5982,17): error TS2322: Type 'number' is not assignable to type 'TaxRate'.
constants/data.ts(5997,17): error TS2322: Type 'number' is not assignable to type 'TaxRate'.
constants/data.ts(6012,17): error TS2322: Type 'number' is not assignable to type 'TaxRate'.
constants/data.ts(6028,9): error TS2322: Type '"SALES_INVOICE"' is not assignable to type 'DocumentType.SALES_INVOICE'.
constants/data.ts(6052,17): error TS2322: Type 'number' is not assignable to type 'TaxRate'.
constants/data.ts(6067,17): error TS2322: Type 'number' is not assignable to type 'TaxRate'.
constants/data.ts(6083,9): error TS2322: Type '"SALES_INVOICE"' is not assignable to type 'DocumentType.SALES_INVOICE'.
constants/data.ts(6107,17): error TS2322: Type 'number' is not assignable to type 'TaxRate'.
constants/data.ts(6122,17): error TS2322: Type 'number' is not assignable to type 'TaxRate'.
constants/data.ts(6138,9): error TS2322: Type '"SALES_INVOICE"' is not assignable to type 'DocumentType.SALES_INVOICE'.
constants/data.ts(6162,17): error TS2322: Type 'number' is not assignable to type 'TaxRate'.
constants/data.ts(6178,9): error TS2322: Type '"SALES_INVOICE"' is not assignable to type 'DocumentType.SALES_INVOICE'.
constants/data.ts(6202,17): error TS2322: Type 'number' is not assignable to type 'TaxRate'.
constants/data.ts(6217,17): error TS2322: Type 'number' is not assignable to type 'TaxRate'.
constants/data.ts(6232,17): error TS2322: Type 'number' is not assignable to type 'TaxRate'.
constants/data.ts(6247,17): error TS2322: Type 'number' is not assignable to type 'TaxRate'.
constants/data.ts(6263,9): error TS2322: Type '"SALES_INVOICE"' is not assignable to type 'DocumentType.SALES_INVOICE'.
constants/data.ts(6287,17): error TS2322: Type 'number' is not assignable to type 'TaxRate'.
constants/data.ts(6302,17): error TS2322: Type 'number' is not assignable to type 'TaxRate'.
constants/data.ts(6317,17): error TS2322: Type 'number' is not assignable to type 'TaxRate'.
constants/data.ts(6332,17): error TS2322: Type 'number' is not assignable to type 'TaxRate'.
constants/data.ts(6348,9): error TS2322: Type '"SALES_INVOICE"' is not assignable to type 'DocumentType.SALES_INVOICE'.
constants/data.ts(6372,17): error TS2322: Type 'number' is not assignable to type 'TaxRate'.
constants/data.ts(6388,9): error TS2322: Type '"SALES_INVOICE"' is not assignable to type 'DocumentType.SALES_INVOICE'.
constants/data.ts(6412,17): error TS2322: Type 'number' is not assignable to type 'TaxRate'.
constants/data.ts(6427,17): error TS2322: Type 'number' is not assignable to type 'TaxRate'.
constants/data.ts(6442,17): error TS2322: Type 'number' is not assignable to type 'TaxRate'.
constants/data.ts(6457,17): error TS2322: Type 'number' is not assignable to type 'TaxRate'.
constants/data.ts(6473,9): error TS2322: Type '"SALES_INVOICE"' is not assignable to type 'DocumentType.SALES_INVOICE'.
constants/data.ts(6497,17): error TS2322: Type 'number' is not assignable to type 'TaxRate'.
constants/data.ts(6512,17): error TS2322: Type 'number' is not assignable to type 'TaxRate'.
constants/data.ts(6527,17): error TS2322: Type 'number' is not assignable to type 'TaxRate'.
constants/data.ts(6542,17): error TS2322: Type 'number' is not assignable to type 'TaxRate'.
constants/data.ts(6557,17): error TS2322: Type 'number' is not assignable to type 'TaxRate'.
constants/data.ts(6572,17): error TS2322: Type 'number' is not assignable to type 'TaxRate'.
constants/data.ts(6588,9): error TS2322: Type '"SALES_INVOICE"' is not assignable to type 'DocumentType.SALES_INVOICE'.
constants/data.ts(6612,17): error TS2322: Type 'number' is not assignable to type 'TaxRate'.
constants/data.ts(6627,17): error TS2322: Type 'number' is not assignable to type 'TaxRate'.
constants/data.ts(6642,17): error TS2322: Type 'number' is not assignable to type 'TaxRate'.
constants/data.ts(6658,9): error TS2322: Type '"SALES_INVOICE"' is not assignable to type 'DocumentType.SALES_INVOICE'.
constants/data.ts(6682,17): error TS2322: Type 'number' is not assignable to type 'TaxRate'.
constants/data.ts(6697,17): error TS2322: Type 'number' is not assignable to type 'TaxRate'.
constants/data.ts(6712,17): error TS2322: Type 'number' is not assignable to type 'TaxRate'.
constants/data.ts(6727,17): error TS2322: Type 'number' is not assignable to type 'TaxRate'.
constants/data.ts(6742,17): error TS2322: Type 'number' is not assignable to type 'TaxRate'.
constants/data.ts(6758,9): error TS2322: Type '"SALES_INVOICE"' is not assignable to type 'DocumentType.SALES_INVOICE'.
constants/data.ts(6782,17): error TS2322: Type 'number' is not assignable to type 'TaxRate'.
constants/data.ts(6798,9): error TS2322: Type '"SALES_INVOICE"' is not assignable to type 'DocumentType.SALES_INVOICE'.
constants/data.ts(6822,17): error TS2322: Type 'number' is not assignable to type 'TaxRate'.
constants/data.ts(6837,17): error TS2322: Type 'number' is not assignable to type 'TaxRate'.
constants/data.ts(6853,9): error TS2322: Type '"SALES_INVOICE"' is not assignable to type 'DocumentType.SALES_INVOICE'.
constants/data.ts(6877,17): error TS2322: Type 'number' is not assignable to type 'TaxRate'.
constants/data.ts(6892,17): error TS2322: Type 'number' is not assignable to type 'TaxRate'.
constants/data.ts(6907,17): error TS2322: Type 'number' is not assignable to type 'TaxRate'.
constants/data.ts(6922,17): error TS2322: Type 'number' is not assignable to type 'TaxRate'.
constants/data.ts(6938,9): error TS2322: Type '"SALES_INVOICE"' is not assignable to type 'DocumentType.SALES_INVOICE'.
constants/data.ts(6962,17): error TS2322: Type 'number' is not assignable to type 'TaxRate'.
constants/data.ts(6978,9): error TS2322: Type '"SALES_INVOICE"' is not assignable to type 'DocumentType.SALES_INVOICE'.
constants/data.ts(7002,17): error TS2322: Type 'number' is not assignable to type 'TaxRate'.
constants/data.ts(7018,9): error TS2322: Type '"SALES_INVOICE"' is not assignable to type 'DocumentType.SALES_INVOICE'.
constants/data.ts(7042,17): error TS2322: Type 'number' is not assignable to type 'TaxRate'.
constants/data.ts(7057,17): error TS2322: Type 'number' is not assignable to type 'TaxRate'.
constants/data.ts(7072,17): error TS2322: Type 'number' is not assignable to type 'TaxRate'.
constants/data.ts(7087,17): error TS2322: Type 'number' is not assignable to type 'TaxRate'.
constants/data.ts(7103,9): error TS2322: Type '"SALES_INVOICE"' is not assignable to type 'DocumentType.SALES_INVOICE'.
constants/data.ts(7127,17): error TS2322: Type 'number' is not assignable to type 'TaxRate'.
constants/data.ts(7143,9): error TS2322: Type '"SALES_INVOICE"' is not assignable to type 'DocumentType.SALES_INVOICE'.
constants/data.ts(7167,17): error TS2322: Type 'number' is not assignable to type 'TaxRate'.
constants/data.ts(7182,17): error TS2322: Type 'number' is not assignable to type 'TaxRate'.
constants/data.ts(7197,17): error TS2322: Type 'number' is not assignable to type 'TaxRate'.
constants/data.ts(7212,17): error TS2322: Type 'number' is not assignable to type 'TaxRate'.
constants/data.ts(7227,17): error TS2322: Type 'number' is not assignable to type 'TaxRate'.
constants/data.ts(7242,17): error TS2322: Type 'number' is not assignable to type 'TaxRate'.
constants/data.ts(7258,9): error TS2322: Type '"SALES_INVOICE"' is not assignable to type 'DocumentType.SALES_INVOICE'.
constants/data.ts(7282,17): error TS2322: Type 'number' is not assignable to type 'TaxRate'.
constants/data.ts(7297,17): error TS2322: Type 'number' is not assignable to type 'TaxRate'.
constants/data.ts(7313,9): error TS2322: Type '"SALES_INVOICE"' is not assignable to type 'DocumentType.SALES_INVOICE'.
constants/data.ts(7337,17): error TS2322: Type 'number' is not assignable to type 'TaxRate'.
constants/data.ts(7353,9): error TS2322: Type '"SALES_INVOICE"' is not assignable to type 'DocumentType.SALES_INVOICE'.
constants/data.ts(7377,17): error TS2322: Type 'number' is not assignable to type 'TaxRate'.
constants/data.ts(7392,17): error TS2322: Type 'number' is not assignable to type 'TaxRate'.
constants/data.ts(7407,17): error TS2322: Type 'number' is not assignable to type 'TaxRate'.
constants/data.ts(7422,17): error TS2322: Type 'number' is not assignable to type 'TaxRate'.
constants/data.ts(7437,17): error TS2322: Type 'number' is not assignable to type 'TaxRate'.
constants/data.ts(7452,17): error TS2322: Type 'number' is not assignable to type 'TaxRate'.
constants/data.ts(7468,9): error TS2322: Type '"SALES_INVOICE"' is not assignable to type 'DocumentType.SALES_INVOICE'.
constants/data.ts(7492,17): error TS2322: Type 'number' is not assignable to type 'TaxRate'.
constants/data.ts(7507,17): error TS2322: Type 'number' is not assignable to type 'TaxRate'.
constants/data.ts(7522,17): error TS2322: Type 'number' is not assignable to type 'TaxRate'.
constants/data.ts(7537,17): error TS2322: Type 'number' is not assignable to type 'TaxRate'.
constants/data.ts(7553,9): error TS2322: Type '"SALES_INVOICE"' is not assignable to type 'DocumentType.SALES_INVOICE'.
constants/data.ts(7577,17): error TS2322: Type 'number' is not assignable to type 'TaxRate'.
constants/data.ts(7592,17): error TS2322: Type 'number' is not assignable to type 'TaxRate'.
constants/data.ts(7607,17): error TS2322: Type 'number' is not assignable to type 'TaxRate'.
constants/data.ts(7622,17): error TS2322: Type 'number' is not assignable to type 'TaxRate'.
constants/data.ts(7637,17): error TS2322: Type 'number' is not assignable to type 'TaxRate'.
constants/data.ts(7653,9): error TS2322: Type '"SALES_INVOICE"' is not assignable to type 'DocumentType.SALES_INVOICE'.
constants/data.ts(7677,17): error TS2322: Type 'number' is not assignable to type 'TaxRate'.
constants/data.ts(7693,9): error TS2322: Type '"SALES_INVOICE"' is not assignable to type 'DocumentType.SALES_INVOICE'.
constants/data.ts(7717,17): error TS2322: Type 'number' is not assignable to type 'TaxRate'.
constants/data.ts(7733,9): error TS2322: Type '"SALES_INVOICE"' is not assignable to type 'DocumentType.SALES_INVOICE'.
constants/data.ts(7757,17): error TS2322: Type 'number' is not assignable to type 'TaxRate'.
constants/data.ts(7773,9): error TS2322: Type '"SALES_INVOICE"' is not assignable to type 'DocumentType.SALES_INVOICE'.
constants/data.ts(7797,17): error TS2322: Type 'number' is not assignable to type 'TaxRate'.
constants/data.ts(7812,17): error TS2322: Type 'number' is not assignable to type 'TaxRate'.
constants/data.ts(7828,9): error TS2322: Type '"SALES_INVOICE"' is not assignable to type 'DocumentType.SALES_INVOICE'.
constants/data.ts(7852,17): error TS2322: Type 'number' is not assignable to type 'TaxRate'.
constants/data.ts(7867,17): error TS2322: Type 'number' is not assignable to type 'TaxRate'.
constants/data.ts(7882,17): error TS2322: Type 'number' is not assignable to type 'TaxRate'.
constants/data.ts(7897,17): error TS2322: Type 'number' is not assignable to type 'TaxRate'.
constants/data.ts(7913,9): error TS2322: Type '"SALES_INVOICE"' is not assignable to type 'DocumentType.SALES_INVOICE'.
constants/data.ts(7937,17): error TS2322: Type 'number' is not assignable to type 'TaxRate'.
constants/data.ts(7953,9): error TS2322: Type '"SALES_INVOICE"' is not assignable to type 'DocumentType.SALES_INVOICE'.
constants/data.ts(7977,17): error TS2322: Type 'number' is not assignable to type 'TaxRate'.
constants/data.ts(7992,17): error TS2322: Type 'number' is not assignable to type 'TaxRate'.
constants/data.ts(8007,17): error TS2322: Type 'number' is not assignable to type 'TaxRate'.
constants/data.ts(8022,17): error TS2322: Type 'number' is not assignable to type 'TaxRate'.
constants/data.ts(8038,9): error TS2322: Type '"SALES_INVOICE"' is not assignable to type 'DocumentType.SALES_INVOICE'.
constants/data.ts(8062,17): error TS2322: Type 'number' is not assignable to type 'TaxRate'.
constants/data.ts(8077,17): error TS2322: Type 'number' is not assignable to type 'TaxRate'.
constants/data.ts(8092,17): error TS2322: Type 'number' is not assignable to type 'TaxRate'.
constants/data.ts(8107,17): error TS2322: Type 'number' is not assignable to type 'TaxRate'.
constants/data.ts(8122,17): error TS2322: Type 'number' is not assignable to type 'TaxRate'.
constants/data.ts(8137,17): error TS2322: Type 'number' is not assignable to type 'TaxRate'.
constants/data.ts(8153,9): error TS2322: Type '"SALES_INVOICE"' is not assignable to type 'DocumentType.SALES_INVOICE'.
constants/data.ts(8177,17): error TS2322: Type 'number' is not assignable to type 'TaxRate'.
constants/data.ts(8192,17): error TS2322: Type 'number' is not assignable to type 'TaxRate'.
constants/data.ts(8208,9): error TS2322: Type '"SALES_INVOICE"' is not assignable to type 'DocumentType.SALES_INVOICE'.
constants/data.ts(8232,17): error TS2322: Type 'number' is not assignable to type 'TaxRate'.
constants/data.ts(8247,17): error TS2322: Type 'number' is not assignable to type 'TaxRate'.
constants/data.ts(8262,17): error TS2322: Type 'number' is not assignable to type 'TaxRate'.
constants/data.ts(8278,9): error TS2322: Type '"SALES_INVOICE"' is not assignable to type 'DocumentType.SALES_INVOICE'.
constants/data.ts(8302,17): error TS2322: Type 'number' is not assignable to type 'TaxRate'.
constants/data.ts(8317,17): error TS2322: Type 'number' is not assignable to type 'TaxRate'.
constants/data.ts(8332,17): error TS2322: Type 'number' is not assignable to type 'TaxRate'.
constants/data.ts(8347,17): error TS2322: Type 'number' is not assignable to type 'TaxRate'.
constants/data.ts(8363,9): error TS2322: Type '"SALES_INVOICE"' is not assignable to type 'DocumentType.SALES_INVOICE'.
constants/data.ts(8387,17): error TS2322: Type 'number' is not assignable to type 'TaxRate'.
constants/data.ts(8403,9): error TS2322: Type '"SALES_INVOICE"' is not assignable to type 'DocumentType.SALES_INVOICE'.
constants/data.ts(8427,17): error TS2322: Type 'number' is not assignable to type 'TaxRate'.
constants/data.ts(8442,17): error TS2322: Type 'number' is not assignable to type 'TaxRate'.
constants/data.ts(8457,17): error TS2322: Type 'number' is not assignable to type 'TaxRate'.
constants/data.ts(8472,17): error TS2322: Type 'number' is not assignable to type 'TaxRate'.
constants/data.ts(8487,17): error TS2322: Type 'number' is not assignable to type 'TaxRate'.
constants/data.ts(8502,17): error TS2322: Type 'number' is not assignable to type 'TaxRate'.
constants/data.ts(8518,9): error TS2322: Type '"SALES_INVOICE"' is not assignable to type 'DocumentType.SALES_INVOICE'.
constants/data.ts(8542,17): error TS2322: Type 'number' is not assignable to type 'TaxRate'.
constants/data.ts(8558,9): error TS2322: Type '"SALES_INVOICE"' is not assignable to type 'DocumentType.SALES_INVOICE'.
constants/data.ts(8582,17): error TS2322: Type 'number' is not assignable to type 'TaxRate'.
constants/data.ts(8597,17): error TS2322: Type 'number' is not assignable to type 'TaxRate'.
constants/data.ts(8612,17): error TS2322: Type 'number' is not assignable to type 'TaxRate'.
constants/data.ts(8627,17): error TS2322: Type 'number' is not assignable to type 'TaxRate'.
constants/data.ts(8642,17): error TS2322: Type 'number' is not assignable to type 'TaxRate'.
constants/data.ts(8658,9): error TS2322: Type '"SALES_INVOICE"' is not assignable to type 'DocumentType.SALES_INVOICE'.
constants/data.ts(8682,17): error TS2322: Type 'number' is not assignable to type 'TaxRate'.
constants/data.ts(8697,17): error TS2322: Type 'number' is not assignable to type 'TaxRate'.
constants/data.ts(8712,17): error TS2322: Type 'number' is not assignable to type 'TaxRate'.
constants/data.ts(8727,17): error TS2322: Type 'number' is not assignable to type 'TaxRate'.
constants/data.ts(8743,9): error TS2322: Type '"SALES_INVOICE"' is not assignable to type 'DocumentType.SALES_INVOICE'.
constants/data.ts(8767,17): error TS2322: Type 'number' is not assignable to type 'TaxRate'.
constants/data.ts(8782,17): error TS2322: Type 'number' is not assignable to type 'TaxRate'.
constants/data.ts(8797,17): error TS2322: Type 'number' is not assignable to type 'TaxRate'.
constants/data.ts(8812,17): error TS2322: Type 'number' is not assignable to type 'TaxRate'.
constants/data.ts(8827,17): error TS2322: Type 'number' is not assignable to type 'TaxRate'.
constants/data.ts(8842,17): error TS2322: Type 'number' is not assignable to type 'TaxRate'.
constants/data.ts(8858,9): error TS2322: Type '"SALES_INVOICE"' is not assignable to type 'DocumentType.SALES_INVOICE'.
constants/data.ts(8882,17): error TS2322: Type 'number' is not assignable to type 'TaxRate'.
constants/data.ts(8898,9): error TS2322: Type '"SALES_INVOICE"' is not assignable to type 'DocumentType.SALES_INVOICE'.
constants/data.ts(8922,17): error TS2322: Type 'number' is not assignable to type 'TaxRate'.
constants/data.ts(8937,17): error TS2322: Type 'number' is not assignable to type 'TaxRate'.
constants/data.ts(8952,17): error TS2322: Type 'number' is not assignable to type 'TaxRate'.
constants/data.ts(8968,9): error TS2322: Type '"SALES_INVOICE"' is not assignable to type 'DocumentType.SALES_INVOICE'.
constants/data.ts(8992,17): error TS2322: Type 'number' is not assignable to type 'TaxRate'.
constants/data.ts(9007,17): error TS2322: Type 'number' is not assignable to type 'TaxRate'.
constants/data.ts(9022,17): error TS2322: Type 'number' is not assignable to type 'TaxRate'.
constants/data.ts(9037,17): error TS2322: Type 'number' is not assignable to type 'TaxRate'.
constants/data.ts(9053,9): error TS2322: Type '"SALES_INVOICE"' is not assignable to type 'DocumentType.SALES_INVOICE'.
constants/data.ts(9077,17): error TS2322: Type 'number' is not assignable to type 'TaxRate'.
constants/data.ts(9092,17): error TS2322: Type 'number' is not assignable to type 'TaxRate'.
constants/data.ts(9107,17): error TS2322: Type 'number' is not assignable to type 'TaxRate'.
constants/data.ts(9122,17): error TS2322: Type 'number' is not assignable to type 'TaxRate'.
constants/data.ts(9137,17): error TS2322: Type 'number' is not assignable to type 'TaxRate'.
constants/data.ts(9152,17): error TS2322: Type 'number' is not assignable to type 'TaxRate'.
constants/data.ts(9168,9): error TS2322: Type '"SALES_INVOICE"' is not assignable to type 'DocumentType.SALES_INVOICE'.
constants/data.ts(9192,17): error TS2322: Type 'number' is not assignable to type 'TaxRate'.
constants/data.ts(9207,17): error TS2322: Type 'number' is not assignable to type 'TaxRate'.
constants/data.ts(9223,9): error TS2322: Type '"SALES_INVOICE"' is not assignable to type 'DocumentType.SALES_INVOICE'.
constants/data.ts(9247,17): error TS2322: Type 'number' is not assignable to type 'TaxRate'.
constants/data.ts(9262,17): error TS2322: Type 'number' is not assignable to type 'TaxRate'.
constants/data.ts(9277,17): error TS2322: Type 'number' is not assignable to type 'TaxRate'.
constants/data.ts(9292,17): error TS2322: Type 'number' is not assignable to type 'TaxRate'.
constants/data.ts(9307,17): error TS2322: Type 'number' is not assignable to type 'TaxRate'.
constants/data.ts(9322,17): error TS2322: Type 'number' is not assignable to type 'TaxRate'.
constants/data.ts(9338,9): error TS2322: Type '"SALES_INVOICE"' is not assignable to type 'DocumentType.SALES_INVOICE'.
constants/data.ts(9362,17): error TS2322: Type 'number' is not assignable to type 'TaxRate'.
constants/data.ts(9377,17): error TS2322: Type 'number' is not assignable to type 'TaxRate'.
constants/data.ts(9392,17): error TS2322: Type 'number' is not assignable to type 'TaxRate'.
constants/data.ts(9407,17): error TS2322: Type 'number' is not assignable to type 'TaxRate'.
constants/data.ts(9423,9): error TS2322: Type '"SALES_INVOICE"' is not assignable to type 'DocumentType.SALES_INVOICE'.
constants/data.ts(9447,17): error TS2322: Type 'number' is not assignable to type 'TaxRate'.
constants/data.ts(9462,17): error TS2322: Type 'number' is not assignable to type 'TaxRate'.
constants/data.ts(9477,17): error TS2322: Type 'number' is not assignable to type 'TaxRate'.
constants/data.ts(9492,17): error TS2322: Type 'number' is not assignable to type 'TaxRate'.
constants/data.ts(9508,9): error TS2322: Type '"SALES_INVOICE"' is not assignable to type 'DocumentType.SALES_INVOICE'.
constants/data.ts(9532,17): error TS2322: Type 'number' is not assignable to type 'TaxRate'.
constants/data.ts(9547,17): error TS2322: Type 'number' is not assignable to type 'TaxRate'.
constants/data.ts(9562,17): error TS2322: Type 'number' is not assignable to type 'TaxRate'.
constants/data.ts(9577,17): error TS2322: Type 'number' is not assignable to type 'TaxRate'.
constants/data.ts(9593,9): error TS2322: Type '"SALES_INVOICE"' is not assignable to type 'DocumentType.SALES_INVOICE'.
constants/data.ts(9617,17): error TS2322: Type 'number' is not assignable to type 'TaxRate'.
constants/data.ts(9632,17): error TS2322: Type 'number' is not assignable to type 'TaxRate'.
constants/data.ts(9647,17): error TS2322: Type 'number' is not assignable to type 'TaxRate'.
constants/data.ts(9663,9): error TS2322: Type '"SALES_INVOICE"' is not assignable to type 'DocumentType.SALES_INVOICE'.
constants/data.ts(9687,17): error TS2322: Type 'number' is not assignable to type 'TaxRate'.
constants/data.ts(9702,17): error TS2322: Type 'number' is not assignable to type 'TaxRate'.
constants/data.ts(9717,17): error TS2322: Type 'number' is not assignable to type 'TaxRate'.
constants/data.ts(9733,9): error TS2322: Type '"SALES_INVOICE"' is not assignable to type 'DocumentType.SALES_INVOICE'.
constants/data.ts(9757,17): error TS2322: Type 'number' is not assignable to type 'TaxRate'.
constants/data.ts(9772,17): error TS2322: Type 'number' is not assignable to type 'TaxRate'.
constants/data.ts(9788,9): error TS2322: Type '"SALES_INVOICE"' is not assignable to type 'DocumentType.SALES_INVOICE'.
constants/data.ts(9812,17): error TS2322: Type 'number' is not assignable to type 'TaxRate'.
constants/data.ts(9827,17): error TS2322: Type 'number' is not assignable to type 'TaxRate'.
constants/data.ts(9842,17): error TS2322: Type 'number' is not assignable to type 'TaxRate'.
constants/data.ts(9857,17): error TS2322: Type 'number' is not assignable to type 'TaxRate'.
constants/data.ts(9872,17): error TS2322: Type 'number' is not assignable to type 'TaxRate'.
constants/data.ts(9888,9): error TS2322: Type '"SALES_INVOICE"' is not assignable to type 'DocumentType.SALES_INVOICE'.
constants/data.ts(9912,17): error TS2322: Type 'number' is not assignable to type 'TaxRate'.
constants/data.ts(9928,9): error TS2322: Type '"SALES_INVOICE"' is not assignable to type 'DocumentType.SALES_INVOICE'.
constants/data.ts(9952,17): error TS2322: Type 'number' is not assignable to type 'TaxRate'.
constants/data.ts(9967,17): error TS2322: Type 'number' is not assignable to type 'TaxRate'.
constants/data.ts(9982,17): error TS2322: Type 'number' is not assignable to type 'TaxRate'.
constants/data.ts(9997,17): error TS2322: Type 'number' is not assignable to type 'TaxRate'.
constants/data.ts(10012,17): error TS2322: Type 'number' is not assignable to type 'TaxRate'.
constants/data.ts(10027,17): error TS2322: Type 'number' is not assignable to type 'TaxRate'.
constants/data.ts(10043,9): error TS2322: Type '"SALES_INVOICE"' is not assignable to type 'DocumentType.SALES_INVOICE'.
constants/data.ts(10067,17): error TS2322: Type 'number' is not assignable to type 'TaxRate'.
constants/data.ts(10083,9): error TS2322: Type '"SALES_INVOICE"' is not assignable to type 'DocumentType.SALES_INVOICE'.
constants/data.ts(10107,17): error TS2322: Type 'number' is not assignable to type 'TaxRate'.
constants/data.ts(10123,9): error TS2322: Type '"SALES_INVOICE"' is not assignable to type 'DocumentType.SALES_INVOICE'.
constants/data.ts(10147,17): error TS2322: Type 'number' is not assignable to type 'TaxRate'.
constants/data.ts(10162,17): error TS2322: Type 'number' is not assignable to type 'TaxRate'.
constants/data.ts(10178,9): error TS2322: Type '"SALES_INVOICE"' is not assignable to type 'DocumentType.SALES_INVOICE'.
constants/data.ts(10202,17): error TS2322: Type 'number' is not assignable to type 'TaxRate'.
constants/data.ts(10217,17): error TS2322: Type 'number' is not assignable to type 'TaxRate'.
constants/data.ts(10233,9): error TS2322: Type '"SALES_INVOICE"' is not assignable to type 'DocumentType.SALES_INVOICE'.
constants/data.ts(10257,17): error TS2322: Type 'number' is not assignable to type 'TaxRate'.
constants/data.ts(10272,17): error TS2322: Type 'number' is not assignable to type 'TaxRate'.
constants/data.ts(10287,17): error TS2322: Type 'number' is not assignable to type 'TaxRate'.
constants/data.ts(10303,9): error TS2322: Type '"SALES_INVOICE"' is not assignable to type 'DocumentType.SALES_INVOICE'.
constants/data.ts(10327,17): error TS2322: Type 'number' is not assignable to type 'TaxRate'.
constants/data.ts(10342,17): error TS2322: Type 'number' is not assignable to type 'TaxRate'.
constants/data.ts(10358,9): error TS2322: Type '"SALES_INVOICE"' is not assignable to type 'DocumentType.SALES_INVOICE'.
constants/data.ts(10382,17): error TS2322: Type 'number' is not assignable to type 'TaxRate'.
constants/data.ts(10397,17): error TS2322: Type 'number' is not assignable to type 'TaxRate'.
constants/data.ts(10412,17): error TS2322: Type 'number' is not assignable to type 'TaxRate'.
constants/data.ts(10427,17): error TS2322: Type 'number' is not assignable to type 'TaxRate'.
constants/data.ts(10443,9): error TS2322: Type '"SALES_INVOICE"' is not assignable to type 'DocumentType.SALES_INVOICE'.
constants/data.ts(10467,17): error TS2322: Type 'number' is not assignable to type 'TaxRate'.
constants/data.ts(10482,17): error TS2322: Type 'number' is not assignable to type 'TaxRate'.
constants/data.ts(10497,17): error TS2322: Type 'number' is not assignable to type 'TaxRate'.
constants/data.ts(10512,17): error TS2322: Type 'number' is not assignable to type 'TaxRate'.
constants/data.ts(10528,9): error TS2322: Type '"SALES_INVOICE"' is not assignable to type 'DocumentType.SALES_INVOICE'.
constants/data.ts(10552,17): error TS2322: Type 'number' is not assignable to type 'TaxRate'.
constants/data.ts(10567,17): error TS2322: Type 'number' is not assignable to type 'TaxRate'.
constants/data.ts(10582,17): error TS2322: Type 'number' is not assignable to type 'TaxRate'.
constants/data.ts(10598,9): error TS2322: Type '"SALES_INVOICE"' is not assignable to type 'DocumentType.SALES_INVOICE'.
constants/data.ts(10622,17): error TS2322: Type 'number' is not assignable to type 'TaxRate'.
constants/data.ts(10637,17): error TS2322: Type 'number' is not assignable to type 'TaxRate'.
constants/data.ts(10653,9): error TS2322: Type '"SALES_INVOICE"' is not assignable to type 'DocumentType.SALES_INVOICE'.
constants/data.ts(10677,17): error TS2322: Type 'number' is not assignable to type 'TaxRate'.
constants/data.ts(10692,17): error TS2322: Type 'number' is not assignable to type 'TaxRate'.
constants/data.ts(10708,9): error TS2322: Type '"SALES_INVOICE"' is not assignable to type 'DocumentType.SALES_INVOICE'.
constants/data.ts(10732,17): error TS2322: Type 'number' is not assignable to type 'TaxRate'.
constants/data.ts(10747,17): error TS2322: Type 'number' is not assignable to type 'TaxRate'.
constants/data.ts(10762,17): error TS2322: Type 'number' is not assignable to type 'TaxRate'.
constants/data.ts(10777,17): error TS2322: Type 'number' is not assignable to type 'TaxRate'.
constants/data.ts(10792,17): error TS2322: Type 'number' is not assignable to type 'TaxRate'.
constants/data.ts(10807,17): error TS2322: Type 'number' is not assignable to type 'TaxRate'.
constants/data.ts(10823,9): error TS2322: Type '"SALES_INVOICE"' is not assignable to type 'DocumentType.SALES_INVOICE'.
constants/data.ts(10847,17): error TS2322: Type 'number' is not assignable to type 'TaxRate'.
constants/data.ts(10862,17): error TS2322: Type 'number' is not assignable to type 'TaxRate'.
constants/data.ts(10878,9): error TS2322: Type '"SALES_INVOICE"' is not assignable to type 'DocumentType.SALES_INVOICE'.
constants/data.ts(10902,17): error TS2322: Type 'number' is not assignable to type 'TaxRate'.
constants/data.ts(10917,17): error TS2322: Type 'number' is not assignable to type 'TaxRate'.
constants/data.ts(10933,9): error TS2322: Type '"SALES_INVOICE"' is not assignable to type 'DocumentType.SALES_INVOICE'.
constants/data.ts(10957,17): error TS2322: Type 'number' is not assignable to type 'TaxRate'.
constants/data.ts(10972,17): error TS2322: Type 'number' is not assignable to type 'TaxRate'.
constants/data.ts(10987,17): error TS2322: Type 'number' is not assignable to type 'TaxRate'.
constants/data.ts(11003,9): error TS2322: Type '"SALES_INVOICE"' is not assignable to type 'DocumentType.SALES_INVOICE'.
constants/data.ts(11027,17): error TS2322: Type 'number' is not assignable to type 'TaxRate'.
constants/data.ts(11043,9): error TS2322: Type '"SALES_INVOICE"' is not assignable to type 'DocumentType.SALES_INVOICE'.
constants/data.ts(11067,17): error TS2322: Type 'number' is not assignable to type 'TaxRate'.
constants/data.ts(11082,17): error TS2322: Type 'number' is not assignable to type 'TaxRate'.
constants/data.ts(11097,17): error TS2322: Type 'number' is not assignable to type 'TaxRate'.
constants/data.ts(11112,17): error TS2322: Type 'number' is not assignable to type 'TaxRate'.
constants/data.ts(11127,17): error TS2322: Type 'number' is not assignable to type 'TaxRate'.
constants/data.ts(11142,17): error TS2322: Type 'number' is not assignable to type 'TaxRate'.
constants/data.ts(11158,9): error TS2322: Type '"SALES_INVOICE"' is not assignable to type 'DocumentType.SALES_INVOICE'.
constants/data.ts(11182,17): error TS2322: Type 'number' is not assignable to type 'TaxRate'.
constants/data.ts(11197,17): error TS2322: Type 'number' is not assignable to type 'TaxRate'.
constants/data.ts(11212,17): error TS2322: Type 'number' is not assignable to type 'TaxRate'.
constants/data.ts(11227,17): error TS2322: Type 'number' is not assignable to type 'TaxRate'.
constants/data.ts(11242,17): error TS2322: Type 'number' is not assignable to type 'TaxRate'.
constants/data.ts(11257,17): error TS2322: Type 'number' is not assignable to type 'TaxRate'.
constants/data.ts(11273,9): error TS2322: Type '"SALES_INVOICE"' is not assignable to type 'DocumentType.SALES_INVOICE'.
constants/data.ts(11297,17): error TS2322: Type 'number' is not assignable to type 'TaxRate'.
constants/data.ts(11312,17): error TS2322: Type 'number' is not assignable to type 'TaxRate'.
constants/data.ts(11328,9): error TS2322: Type '"SALES_INVOICE"' is not assignable to type 'DocumentType.SALES_INVOICE'.
constants/data.ts(11352,17): error TS2322: Type 'number' is not assignable to type 'TaxRate'.
constants/data.ts(11367,17): error TS2322: Type 'number' is not assignable to type 'TaxRate'.
constants/data.ts(11382,17): error TS2322: Type 'number' is not assignable to type 'TaxRate'.
constants/data.ts(11397,17): error TS2322: Type 'number' is not assignable to type 'TaxRate'.
constants/data.ts(11412,17): error TS2322: Type 'number' is not assignable to type 'TaxRate'.
constants/data.ts(11427,17): error TS2322: Type 'number' is not assignable to type 'TaxRate'.
constants/data.ts(11443,9): error TS2322: Type '"SALES_INVOICE"' is not assignable to type 'DocumentType.SALES_INVOICE'.
constants/data.ts(11467,17): error TS2322: Type 'number' is not assignable to type 'TaxRate'.
constants/data.ts(11483,9): error TS2322: Type '"SALES_INVOICE"' is not assignable to type 'DocumentType.SALES_INVOICE'.
constants/data.ts(11507,17): error TS2322: Type 'number' is not assignable to type 'TaxRate'.
constants/data.ts(11523,9): error TS2322: Type '"SALES_INVOICE"' is not assignable to type 'DocumentType.SALES_INVOICE'.
constants/data.ts(11547,17): error TS2322: Type 'number' is not assignable to type 'TaxRate'.
constants/data.ts(11562,17): error TS2322: Type 'number' is not assignable to type 'TaxRate'.
constants/data.ts(11577,17): error TS2322: Type 'number' is not assignable to type 'TaxRate'.
constants/data.ts(11593,9): error TS2322: Type '"SALES_INVOICE"' is not assignable to type 'DocumentType.SALES_INVOICE'.
constants/data.ts(11617,17): error TS2322: Type 'number' is not assignable to type 'TaxRate'.
constants/data.ts(11632,17): error TS2322: Type 'number' is not assignable to type 'TaxRate'.
constants/data.ts(11647,17): error TS2322: Type 'number' is not assignable to type 'TaxRate'.
constants/data.ts(11662,17): error TS2322: Type 'number' is not assignable to type 'TaxRate'.
constants/data.ts(11677,17): error TS2322: Type 'number' is not assignable to type 'TaxRate'.
constants/data.ts(11693,9): error TS2322: Type '"SALES_INVOICE"' is not assignable to type 'DocumentType.SALES_INVOICE'.
constants/data.ts(11717,17): error TS2322: Type 'number' is not assignable to type 'TaxRate'.
constants/data.ts(11732,17): error TS2322: Type 'number' is not assignable to type 'TaxRate'.
constants/data.ts(11747,17): error TS2322: Type 'number' is not assignable to type 'TaxRate'.
constants/data.ts(11762,17): error TS2322: Type 'number' is not assignable to type 'TaxRate'.
constants/data.ts(11777,17): error TS2322: Type 'number' is not assignable to type 'TaxRate'.
constants/data.ts(11793,9): error TS2322: Type '"SALES_INVOICE"' is not assignable to type 'DocumentType.SALES_INVOICE'.
constants/data.ts(11817,17): error TS2322: Type 'number' is not assignable to type 'TaxRate'.
constants/data.ts(11832,17): error TS2322: Type 'number' is not assignable to type 'TaxRate'.
constants/data.ts(11847,17): error TS2322: Type 'number' is not assignable to type 'TaxRate'.
constants/data.ts(11863,9): error TS2322: Type '"SALES_INVOICE"' is not assignable to type 'DocumentType.SALES_INVOICE'.
constants/data.ts(11887,17): error TS2322: Type 'number' is not assignable to type 'TaxRate'.
constants/data.ts(11903,9): error TS2322: Type '"SALES_INVOICE"' is not assignable to type 'DocumentType.SALES_INVOICE'.
constants/data.ts(11927,17): error TS2322: Type 'number' is not assignable to type 'TaxRate'.
constants/data.ts(11942,17): error TS2322: Type 'number' is not assignable to type 'TaxRate'.
constants/data.ts(11957,17): error TS2322: Type 'number' is not assignable to type 'TaxRate'.
constants/data.ts(11972,17): error TS2322: Type 'number' is not assignable to type 'TaxRate'.
constants/data.ts(11987,17): error TS2322: Type 'number' is not assignable to type 'TaxRate'.
constants/data.ts(12003,9): error TS2322: Type '"SALES_INVOICE"' is not assignable to type 'DocumentType.SALES_INVOICE'.
constants/data.ts(12027,17): error TS2322: Type 'number' is not assignable to type 'TaxRate'.
constants/data.ts(12043,9): error TS2322: Type '"SALES_INVOICE"' is not assignable to type 'DocumentType.SALES_INVOICE'.
constants/data.ts(12067,17): error TS2322: Type 'number' is not assignable to type 'TaxRate'.
constants/data.ts(12082,17): error TS2322: Type 'number' is not assignable to type 'TaxRate'.
constants/data.ts(12097,17): error TS2322: Type 'number' is not assignable to type 'TaxRate'.
constants/data.ts(12112,17): error TS2322: Type 'number' is not assignable to type 'TaxRate'.
constants/data.ts(12128,9): error TS2322: Type '"SALES_INVOICE"' is not assignable to type 'DocumentType.SALES_INVOICE'.
constants/data.ts(12152,17): error TS2322: Type 'number' is not assignable to type 'TaxRate'.
constants/data.ts(12167,17): error TS2322: Type 'number' is not assignable to type 'TaxRate'.
constants/data.ts(12183,9): error TS2322: Type '"SALES_INVOICE"' is not assignable to type 'DocumentType.SALES_INVOICE'.
constants/data.ts(12207,17): error TS2322: Type 'number' is not assignable to type 'TaxRate'.
constants/data.ts(12222,17): error TS2322: Type 'number' is not assignable to type 'TaxRate'.
constants/data.ts(12237,17): error TS2322: Type 'number' is not assignable to type 'TaxRate'.
constants/data.ts(12252,17): error TS2322: Type 'number' is not assignable to type 'TaxRate'.
constants/data.ts(12267,17): error TS2322: Type 'number' is not assignable to type 'TaxRate'.
constants/data.ts(12282,17): error TS2322: Type 'number' is not assignable to type 'TaxRate'.
constants/data.ts(12298,9): error TS2322: Type '"SALES_INVOICE"' is not assignable to type 'DocumentType.SALES_INVOICE'.
constants/data.ts(12322,17): error TS2322: Type 'number' is not assignable to type 'TaxRate'.
constants/data.ts(12337,17): error TS2322: Type 'number' is not assignable to type 'TaxRate'.
constants/data.ts(12353,9): error TS2322: Type '"SALES_INVOICE"' is not assignable to type 'DocumentType.SALES_INVOICE'.
constants/data.ts(12377,17): error TS2322: Type 'number' is not assignable to type 'TaxRate'.
constants/data.ts(12392,17): error TS2322: Type 'number' is not assignable to type 'TaxRate'.
constants/data.ts(12407,17): error TS2322: Type 'number' is not assignable to type 'TaxRate'.
constants/data.ts(12422,17): error TS2322: Type 'number' is not assignable to type 'TaxRate'.
constants/data.ts(12437,17): error TS2322: Type 'number' is not assignable to type 'TaxRate'.
constants/data.ts(12452,17): error TS2322: Type 'number' is not assignable to type 'TaxRate'.
constants/data.ts(12468,9): error TS2322: Type '"SALES_INVOICE"' is not assignable to type 'DocumentType.SALES_INVOICE'.
constants/data.ts(12492,17): error TS2322: Type 'number' is not assignable to type 'TaxRate'.
constants/data.ts(12507,17): error TS2322: Type 'number' is not assignable to type 'TaxRate'.
constants/data.ts(12523,9): error TS2322: Type '"SALES_INVOICE"' is not assignable to type 'DocumentType.SALES_INVOICE'.
constants/data.ts(12547,17): error TS2322: Type 'number' is not assignable to type 'TaxRate'.
constants/data.ts(12562,17): error TS2322: Type 'number' is not assignable to type 'TaxRate'.
constants/data.ts(12577,17): error TS2322: Type 'number' is not assignable to type 'TaxRate'.
constants/data.ts(12592,17): error TS2322: Type 'number' is not assignable to type 'TaxRate'.
constants/data.ts(12607,17): error TS2322: Type 'number' is not assignable to type 'TaxRate'.
constants/data.ts(12622,17): error TS2322: Type 'number' is not assignable to type 'TaxRate'.
constants/data.ts(12638,9): error TS2322: Type '"SALES_INVOICE"' is not assignable to type 'DocumentType.SALES_INVOICE'.
constants/data.ts(12662,17): error TS2322: Type 'number' is not assignable to type 'TaxRate'.
constants/data.ts(12677,17): error TS2322: Type 'number' is not assignable to type 'TaxRate'.
constants/data.ts(12692,17): error TS2322: Type 'number' is not assignable to type 'TaxRate'.
constants/data.ts(12707,17): error TS2322: Type 'number' is not assignable to type 'TaxRate'.
constants/data.ts(12722,17): error TS2322: Type 'number' is not assignable to type 'TaxRate'.
constants/data.ts(12738,9): error TS2322: Type '"SALES_INVOICE"' is not assignable to type 'DocumentType.SALES_INVOICE'.
constants/data.ts(12762,17): error TS2322: Type 'number' is not assignable to type 'TaxRate'.
constants/data.ts(12777,17): error TS2322: Type 'number' is not assignable to type 'TaxRate'.
constants/data.ts(12792,17): error TS2322: Type 'number' is not assignable to type 'TaxRate'.
constants/data.ts(12807,17): error TS2322: Type 'number' is not assignable to type 'TaxRate'.
constants/data.ts(12822,17): error TS2322: Type 'number' is not assignable to type 'TaxRate'.
constants/data.ts(12837,17): error TS2322: Type 'number' is not assignable to type 'TaxRate'.
constants/data.ts(12853,9): error TS2322: Type '"SALES_INVOICE"' is not assignable to type 'DocumentType.SALES_INVOICE'.
constants/data.ts(12877,17): error TS2322: Type 'number' is not assignable to type 'TaxRate'.
constants/data.ts(12892,17): error TS2322: Type 'number' is not assignable to type 'TaxRate'.
constants/data.ts(12907,17): error TS2322: Type 'number' is not assignable to type 'TaxRate'.
constants/data.ts(12922,17): error TS2322: Type 'number' is not assignable to type 'TaxRate'.
constants/data.ts(12937,17): error TS2322: Type 'number' is not assignable to type 'TaxRate'.
constants/data.ts(12952,17): error TS2322: Type 'number' is not assignable to type 'TaxRate'.
constants/data.ts(12968,9): error TS2322: Type '"SALES_INVOICE"' is not assignable to type 'DocumentType.SALES_INVOICE'.
constants/data.ts(12992,17): error TS2322: Type 'number' is not assignable to type 'TaxRate'.
constants/data.ts(13007,17): error TS2322: Type 'number' is not assignable to type 'TaxRate'.
constants/data.ts(13022,17): error TS2322: Type 'number' is not assignable to type 'TaxRate'.
constants/data.ts(13037,17): error TS2322: Type 'number' is not assignable to type 'TaxRate'.
constants/data.ts(13052,17): error TS2322: Type 'number' is not assignable to type 'TaxRate'.
constants/data.ts(13068,9): error TS2322: Type '"SALES_INVOICE"' is not assignable to type 'DocumentType.SALES_INVOICE'.
constants/data.ts(13092,17): error TS2322: Type 'number' is not assignable to type 'TaxRate'.
constants/data.ts(13107,17): error TS2322: Type 'number' is not assignable to type 'TaxRate'.
constants/data.ts(13122,17): error TS2322: Type 'number' is not assignable to type 'TaxRate'.
constants/data.ts(13137,17): error TS2322: Type 'number' is not assignable to type 'TaxRate'.
constants/data.ts(13152,17): error TS2322: Type 'number' is not assignable to type 'TaxRate'.
constants/data.ts(13167,17): error TS2322: Type 'number' is not assignable to type 'TaxRate'.
constants/data.ts(13183,9): error TS2322: Type '"SALES_INVOICE"' is not assignable to type 'DocumentType.SALES_INVOICE'.
constants/data.ts(13207,17): error TS2322: Type 'number' is not assignable to type 'TaxRate'.
constants/data.ts(13222,17): error TS2322: Type 'number' is not assignable to type 'TaxRate'.
constants/data.ts(13237,17): error TS2322: Type 'number' is not assignable to type 'TaxRate'.
constants/data.ts(13252,17): error TS2322: Type 'number' is not assignable to type 'TaxRate'.
constants/data.ts(13267,17): error TS2322: Type 'number' is not assignable to type 'TaxRate'.
constants/data.ts(13283,9): error TS2322: Type '"SALES_INVOICE"' is not assignable to type 'DocumentType.SALES_INVOICE'.
constants/data.ts(13307,17): error TS2322: Type 'number' is not assignable to type 'TaxRate'.
constants/data.ts(13322,17): error TS2322: Type 'number' is not assignable to type 'TaxRate'.
constants/data.ts(13341,9): error TS2322: Type '"PURCHASE_ORDER"' is not assignable to type 'DocumentType.PURCHASE_ORDER'.
constants/data.ts(13365,17): error TS2322: Type 'number' is not assignable to type 'TaxRate'.
constants/data.ts(13380,9): error TS2322: Type '"PURCHASE_ORDER"' is not assignable to type 'DocumentType.PURCHASE_ORDER'.
constants/data.ts(13404,17): error TS2322: Type 'number' is not assignable to type 'TaxRate'.
constants/data.ts(13419,17): error TS2322: Type 'number' is not assignable to type 'TaxRate'.
constants/data.ts(13434,17): error TS2322: Type 'number' is not assignable to type 'TaxRate'.
constants/data.ts(13449,17): error TS2322: Type 'number' is not assignable to type 'TaxRate'.
constants/data.ts(13464,17): error TS2322: Type 'number' is not assignable to type 'TaxRate'.
constants/data.ts(13479,17): error TS2322: Type 'number' is not assignable to type 'TaxRate'.
constants/data.ts(13494,17): error TS2322: Type 'number' is not assignable to type 'TaxRate'.
constants/data.ts(13509,17): error TS2322: Type 'number' is not assignable to type 'TaxRate'.
constants/data.ts(13524,9): error TS2322: Type '"PURCHASE_ORDER"' is not assignable to type 'DocumentType.PURCHASE_ORDER'.
constants/data.ts(13548,17): error TS2322: Type 'number' is not assignable to type 'TaxRate'.
constants/data.ts(13563,17): error TS2322: Type 'number' is not assignable to type 'TaxRate'.
constants/data.ts(13578,17): error TS2322: Type 'number' is not assignable to type 'TaxRate'.
constants/data.ts(13593,17): error TS2322: Type 'number' is not assignable to type 'TaxRate'.
constants/data.ts(13608,17): error TS2322: Type 'number' is not assignable to type 'TaxRate'.
constants/data.ts(13623,17): error TS2322: Type 'number' is not assignable to type 'TaxRate'.
constants/data.ts(13638,17): error TS2322: Type 'number' is not assignable to type 'TaxRate'.
constants/data.ts(13653,17): error TS2322: Type 'number' is not assignable to type 'TaxRate'.
constants/data.ts(13668,9): error TS2322: Type '"PURCHASE_ORDER"' is not assignable to type 'DocumentType.PURCHASE_ORDER'.
constants/data.ts(13692,17): error TS2322: Type 'number' is not assignable to type 'TaxRate'.
constants/data.ts(13707,9): error TS2322: Type '"PURCHASE_ORDER"' is not assignable to type 'DocumentType.PURCHASE_ORDER'.
constants/data.ts(13731,17): error TS2322: Type 'number' is not assignable to type 'TaxRate'.
constants/data.ts(13746,17): error TS2322: Type 'number' is not assignable to type 'TaxRate'.
constants/data.ts(13761,17): error TS2322: Type 'number' is not assignable to type 'TaxRate'.
constants/data.ts(13776,17): error TS2322: Type 'number' is not assignable to type 'TaxRate'.
constants/data.ts(13791,17): error TS2322: Type 'number' is not assignable to type 'TaxRate'.
constants/data.ts(13806,17): error TS2322: Type 'number' is not assignable to type 'TaxRate'.
constants/data.ts(13821,17): error TS2322: Type 'number' is not assignable to type 'TaxRate'.
constants/data.ts(13836,9): error TS2322: Type '"PURCHASE_ORDER"' is not assignable to type 'DocumentType.PURCHASE_ORDER'.
constants/data.ts(13860,17): error TS2322: Type 'number' is not assignable to type 'TaxRate'.
constants/data.ts(13875,17): error TS2322: Type 'number' is not assignable to type 'TaxRate'.
constants/data.ts(13890,17): error TS2322: Type 'number' is not assignable to type 'TaxRate'.
constants/data.ts(13905,17): error TS2322: Type 'number' is not assignable to type 'TaxRate'.
constants/data.ts(13920,17): error TS2322: Type 'number' is not assignable to type 'TaxRate'.
constants/data.ts(13935,17): error TS2322: Type 'number' is not assignable to type 'TaxRate'.
constants/data.ts(13950,9): error TS2322: Type '"PURCHASE_ORDER"' is not assignable to type 'DocumentType.PURCHASE_ORDER'.
constants/data.ts(13974,17): error TS2322: Type 'number' is not assignable to type 'TaxRate'.
constants/data.ts(13989,9): error TS2322: Type '"PURCHASE_ORDER"' is not assignable to type 'DocumentType.PURCHASE_ORDER'.
constants/data.ts(14013,17): error TS2322: Type 'number' is not assignable to type 'TaxRate'.
constants/data.ts(14028,17): error TS2322: Type 'number' is not assignable to type 'TaxRate'.
constants/data.ts(14043,17): error TS2322: Type 'number' is not assignable to type 'TaxRate'.
constants/data.ts(14058,17): error TS2322: Type 'number' is not assignable to type 'TaxRate'.
constants/data.ts(14073,17): error TS2322: Type 'number' is not assignable to type 'TaxRate'.
constants/data.ts(14088,17): error TS2322: Type 'number' is not assignable to type 'TaxRate'.
constants/data.ts(14103,17): error TS2322: Type 'number' is not assignable to type 'TaxRate'.
constants/data.ts(14118,9): error TS2322: Type '"PURCHASE_ORDER"' is not assignable to type 'DocumentType.PURCHASE_ORDER'.
constants/data.ts(14142,17): error TS2322: Type 'number' is not assignable to type 'TaxRate'.
constants/data.ts(14157,9): error TS2322: Type '"PURCHASE_ORDER"' is not assignable to type 'DocumentType.PURCHASE_ORDER'.
constants/data.ts(14181,17): error TS2322: Type 'number' is not assignable to type 'TaxRate'.
constants/data.ts(14196,17): error TS2322: Type 'number' is not assignable to type 'TaxRate'.
constants/data.ts(14211,17): error TS2322: Type 'number' is not assignable to type 'TaxRate'.
constants/data.ts(14226,17): error TS2322: Type 'number' is not assignable to type 'TaxRate'.
constants/data.ts(14241,17): error TS2322: Type 'number' is not assignable to type 'TaxRate'.
constants/data.ts(14256,9): error TS2322: Type '"PURCHASE_ORDER"' is not assignable to type 'DocumentType.PURCHASE_ORDER'.
constants/data.ts(14280,17): error TS2322: Type 'number' is not assignable to type 'TaxRate'.
constants/data.ts(14295,17): error TS2322: Type 'number' is not assignable to type 'TaxRate'.
constants/data.ts(14310,9): error TS2322: Type '"PURCHASE_ORDER"' is not assignable to type 'DocumentType.PURCHASE_ORDER'.
constants/data.ts(14334,17): error TS2322: Type 'number' is not assignable to type 'TaxRate'.
constants/data.ts(14349,17): error TS2322: Type 'number' is not assignable to type 'TaxRate'.
constants/data.ts(14364,17): error TS2322: Type 'number' is not assignable to type 'TaxRate'.
constants/data.ts(14379,17): error TS2322: Type 'number' is not assignable to type 'TaxRate'.
constants/data.ts(14394,17): error TS2322: Type 'number' is not assignable to type 'TaxRate'.
constants/data.ts(14409,17): error TS2322: Type 'number' is not assignable to type 'TaxRate'.
constants/data.ts(14424,9): error TS2322: Type '"PURCHASE_ORDER"' is not assignable to type 'DocumentType.PURCHASE_ORDER'.
constants/data.ts(14448,17): error TS2322: Type 'number' is not assignable to type 'TaxRate'.
constants/data.ts(14463,17): error TS2322: Type 'number' is not assignable to type 'TaxRate'.
constants/data.ts(14478,17): error TS2322: Type 'number' is not assignable to type 'TaxRate'.
constants/data.ts(14493,17): error TS2322: Type 'number' is not assignable to type 'TaxRate'.
constants/data.ts(14508,17): error TS2322: Type 'number' is not assignable to type 'TaxRate'.
constants/data.ts(14523,17): error TS2322: Type 'number' is not assignable to type 'TaxRate'.
constants/data.ts(14538,17): error TS2322: Type 'number' is not assignable to type 'TaxRate'.
constants/data.ts(14553,17): error TS2322: Type 'number' is not assignable to type 'TaxRate'.
constants/data.ts(14568,9): error TS2322: Type '"PURCHASE_ORDER"' is not assignable to type 'DocumentType.PURCHASE_ORDER'.
constants/data.ts(14592,17): error TS2322: Type 'number' is not assignable to type 'TaxRate'.
constants/data.ts(14607,17): error TS2322: Type 'number' is not assignable to type 'TaxRate'.
constants/data.ts(14622,17): error TS2322: Type 'number' is not assignable to type 'TaxRate'.
constants/data.ts(14637,17): error TS2322: Type 'number' is not assignable to type 'TaxRate'.
constants/data.ts(14652,17): error TS2322: Type 'number' is not assignable to type 'TaxRate'.
constants/data.ts(14667,9): error TS2322: Type '"PURCHASE_ORDER"' is not assignable to type 'DocumentType.PURCHASE_ORDER'.
constants/data.ts(14691,17): error TS2322: Type 'number' is not assignable to type 'TaxRate'.
constants/data.ts(14706,17): error TS2322: Type 'number' is not assignable to type 'TaxRate'.
constants/data.ts(14721,9): error TS2322: Type '"PURCHASE_ORDER"' is not assignable to type 'DocumentType.PURCHASE_ORDER'.
constants/data.ts(14745,17): error TS2322: Type 'number' is not assignable to type 'TaxRate'.
constants/data.ts(14760,17): error TS2322: Type 'number' is not assignable to type 'TaxRate'.
constants/data.ts(14775,17): error TS2322: Type 'number' is not assignable to type 'TaxRate'.
constants/data.ts(14790,17): error TS2322: Type 'number' is not assignable to type 'TaxRate'.
constants/data.ts(14805,17): error TS2322: Type 'number' is not assignable to type 'TaxRate'.
constants/data.ts(14820,17): error TS2322: Type 'number' is not assignable to type 'TaxRate'.
constants/data.ts(14835,9): error TS2322: Type '"PURCHASE_ORDER"' is not assignable to type 'DocumentType.PURCHASE_ORDER'.
constants/data.ts(14859,17): error TS2322: Type 'number' is not assignable to type 'TaxRate'.
constants/data.ts(14874,17): error TS2322: Type 'number' is not assignable to type 'TaxRate'.
constants/data.ts(14889,17): error TS2322: Type 'number' is not assignable to type 'TaxRate'.
constants/data.ts(14904,17): error TS2322: Type 'number' is not assignable to type 'TaxRate'.
constants/data.ts(14919,17): error TS2322: Type 'number' is not assignable to type 'TaxRate'.
constants/data.ts(14934,17): error TS2322: Type 'number' is not assignable to type 'TaxRate'.
constants/data.ts(14949,17): error TS2322: Type 'number' is not assignable to type 'TaxRate'.
constants/data.ts(14964,17): error TS2322: Type 'number' is not assignable to type 'TaxRate'.
constants/data.ts(14979,9): error TS2322: Type '"PURCHASE_ORDER"' is not assignable to type 'DocumentType.PURCHASE_ORDER'.
constants/data.ts(15003,17): error TS2322: Type 'number' is not assignable to type 'TaxRate'.
constants/data.ts(15018,17): error TS2322: Type 'number' is not assignable to type 'TaxRate'.
constants/data.ts(15033,17): error TS2322: Type 'number' is not assignable to type 'TaxRate'.
constants/data.ts(15048,17): error TS2322: Type 'number' is not assignable to type 'TaxRate'.
constants/data.ts(15063,17): error TS2322: Type 'number' is not assignable to type 'TaxRate'.
constants/data.ts(15078,9): error TS2322: Type '"PURCHASE_ORDER"' is not assignable to type 'DocumentType.PURCHASE_ORDER'.
constants/data.ts(15102,17): error TS2322: Type 'number' is not assignable to type 'TaxRate'.
constants/data.ts(15117,17): error TS2322: Type 'number' is not assignable to type 'TaxRate'.
constants/data.ts(15132,17): error TS2322: Type 'number' is not assignable to type 'TaxRate'.
constants/data.ts(15147,17): error TS2322: Type 'number' is not assignable to type 'TaxRate'.
constants/data.ts(15162,17): error TS2322: Type 'number' is not assignable to type 'TaxRate'.
constants/data.ts(15177,17): error TS2322: Type 'number' is not assignable to type 'TaxRate'.
constants/data.ts(15192,9): error TS2322: Type '"PURCHASE_ORDER"' is not assignable to type 'DocumentType.PURCHASE_ORDER'.
constants/data.ts(15216,17): error TS2322: Type 'number' is not assignable to type 'TaxRate'.
constants/data.ts(15231,17): error TS2322: Type 'number' is not assignable to type 'TaxRate'.
constants/data.ts(15246,9): error TS2322: Type '"PURCHASE_ORDER"' is not assignable to type 'DocumentType.PURCHASE_ORDER'.
constants/data.ts(15270,17): error TS2322: Type 'number' is not assignable to type 'TaxRate'.
constants/data.ts(15285,17): error TS2322: Type 'number' is not assignable to type 'TaxRate'.
constants/data.ts(15300,17): error TS2322: Type 'number' is not assignable to type 'TaxRate'.
constants/data.ts(15315,17): error TS2322: Type 'number' is not assignable to type 'TaxRate'.
constants/data.ts(15330,17): error TS2322: Type 'number' is not assignable to type 'TaxRate'.
constants/data.ts(15345,17): error TS2322: Type 'number' is not assignable to type 'TaxRate'.
constants/data.ts(15360,9): error TS2322: Type '"PURCHASE_ORDER"' is not assignable to type 'DocumentType.PURCHASE_ORDER'.
constants/data.ts(15384,17): error TS2322: Type 'number' is not assignable to type 'TaxRate'.
constants/data.ts(15399,17): error TS2322: Type 'number' is not assignable to type 'TaxRate'.
constants/data.ts(15414,17): error TS2322: Type 'number' is not assignable to type 'TaxRate'.
constants/data.ts(15429,17): error TS2322: Type 'number' is not assignable to type 'TaxRate'.
constants/data.ts(15444,17): error TS2322: Type 'number' is not assignable to type 'TaxRate'.
constants/data.ts(15459,17): error TS2322: Type 'number' is not assignable to type 'TaxRate'.
constants/data.ts(15474,17): error TS2322: Type 'number' is not assignable to type 'TaxRate'.
constants/data.ts(15489,17): error TS2322: Type 'number' is not assignable to type 'TaxRate'.
constants/data.ts(15504,9): error TS2322: Type '"PURCHASE_ORDER"' is not assignable to type 'DocumentType.PURCHASE_ORDER'.
constants/data.ts(15528,17): error TS2322: Type 'number' is not assignable to type 'TaxRate'.
constants/data.ts(15543,9): error TS2322: Type '"PURCHASE_ORDER"' is not assignable to type 'DocumentType.PURCHASE_ORDER'.
constants/data.ts(15567,17): error TS2322: Type 'number' is not assignable to type 'TaxRate'.
constants/data.ts(15582,17): error TS2322: Type 'number' is not assignable to type 'TaxRate'.
constants/data.ts(15597,17): error TS2322: Type 'number' is not assignable to type 'TaxRate'.
constants/data.ts(15612,9): error TS2322: Type '"PURCHASE_ORDER"' is not assignable to type 'DocumentType.PURCHASE_ORDER'.
constants/data.ts(15636,17): error TS2322: Type 'number' is not assignable to type 'TaxRate'.
constants/data.ts(15651,17): error TS2322: Type 'number' is not assignable to type 'TaxRate'.
constants/data.ts(15666,17): error TS2322: Type 'number' is not assignable to type 'TaxRate'.
constants/data.ts(15681,17): error TS2322: Type 'number' is not assignable to type 'TaxRate'.
constants/data.ts(15696,17): error TS2322: Type 'number' is not assignable to type 'TaxRate'.
constants/data.ts(15711,17): error TS2322: Type 'number' is not assignable to type 'TaxRate'.
constants/data.ts(15726,17): error TS2322: Type 'number' is not assignable to type 'TaxRate'.
constants/data.ts(15741,17): error TS2322: Type 'number' is not assignable to type 'TaxRate'.
constants/data.ts(15756,9): error TS2322: Type '"PURCHASE_ORDER"' is not assignable to type 'DocumentType.PURCHASE_ORDER'.
constants/data.ts(15780,17): error TS2322: Type 'number' is not assignable to type 'TaxRate'.
constants/data.ts(15795,17): error TS2322: Type 'number' is not assignable to type 'TaxRate'.
constants/data.ts(15810,17): error TS2322: Type 'number' is not assignable to type 'TaxRate'.
constants/data.ts(15825,17): error TS2322: Type 'number' is not assignable to type 'TaxRate'.
constants/data.ts(15840,17): error TS2322: Type 'number' is not assignable to type 'TaxRate'.
constants/data.ts(15855,17): error TS2322: Type 'number' is not assignable to type 'TaxRate'.
constants/data.ts(15870,9): error TS2322: Type '"PURCHASE_ORDER"' is not assignable to type 'DocumentType.PURCHASE_ORDER'.
constants/data.ts(15894,17): error TS2322: Type 'number' is not assignable to type 'TaxRate'.
constants/data.ts(15909,17): error TS2322: Type 'number' is not assignable to type 'TaxRate'.
constants/data.ts(15924,17): error TS2322: Type 'number' is not assignable to type 'TaxRate'.
constants/data.ts(15939,17): error TS2322: Type 'number' is not assignable to type 'TaxRate'.
constants/data.ts(15954,9): error TS2322: Type '"PURCHASE_ORDER"' is not assignable to type 'DocumentType.PURCHASE_ORDER'.
constants/data.ts(15978,17): error TS2322: Type 'number' is not assignable to type 'TaxRate'.
constants/data.ts(15993,17): error TS2322: Type 'number' is not assignable to type 'TaxRate'.
constants/data.ts(16008,17): error TS2322: Type 'number' is not assignable to type 'TaxRate'.
constants/data.ts(16023,17): error TS2322: Type 'number' is not assignable to type 'TaxRate'.
constants/data.ts(16038,17): error TS2322: Type 'number' is not assignable to type 'TaxRate'.
constants/data.ts(16053,17): error TS2322: Type 'number' is not assignable to type 'TaxRate'.
constants/data.ts(16068,17): error TS2322: Type 'number' is not assignable to type 'TaxRate'.
constants/data.ts(16083,9): error TS2322: Type '"PURCHASE_ORDER"' is not assignable to type 'DocumentType.PURCHASE_ORDER'.
constants/data.ts(16107,17): error TS2322: Type 'number' is not assignable to type 'TaxRate'.
constants/data.ts(16122,17): error TS2322: Type 'number' is not assignable to type 'TaxRate'.
constants/data.ts(16137,17): error TS2322: Type 'number' is not assignable to type 'TaxRate'.
constants/data.ts(16152,17): error TS2322: Type 'number' is not assignable to type 'TaxRate'.
constants/data.ts(16167,17): error TS2322: Type 'number' is not assignable to type 'TaxRate'.
constants/data.ts(16182,17): error TS2322: Type 'number' is not assignable to type 'TaxRate'.
constants/data.ts(16197,17): error TS2322: Type 'number' is not assignable to type 'TaxRate'.
constants/data.ts(16212,17): error TS2322: Type 'number' is not assignable to type 'TaxRate'.
constants/data.ts(16227,9): error TS2322: Type '"PURCHASE_ORDER"' is not assignable to type 'DocumentType.PURCHASE_ORDER'.
constants/data.ts(16251,17): error TS2322: Type 'number' is not assignable to type 'TaxRate'.
constants/data.ts(16266,17): error TS2322: Type 'number' is not assignable to type 'TaxRate'.
constants/data.ts(16281,17): error TS2322: Type 'number' is not assignable to type 'TaxRate'.
constants/data.ts(16296,17): error TS2322: Type 'number' is not assignable to type 'TaxRate'.
constants/data.ts(16311,17): error TS2322: Type 'number' is not assignable to type 'TaxRate'.
constants/data.ts(16326,17): error TS2322: Type 'number' is not assignable to type 'TaxRate'.
constants/data.ts(16341,9): error TS2322: Type '"PURCHASE_ORDER"' is not assignable to type 'DocumentType.PURCHASE_ORDER'.
constants/data.ts(16365,17): error TS2322: Type 'number' is not assignable to type 'TaxRate'.
constants/data.ts(16380,17): error TS2322: Type 'number' is not assignable to type 'TaxRate'.
constants/data.ts(16395,17): error TS2322: Type 'number' is not assignable to type 'TaxRate'.
constants/data.ts(16410,17): error TS2322: Type 'number' is not assignable to type 'TaxRate'.
constants/data.ts(16425,9): error TS2322: Type '"PURCHASE_ORDER"' is not assignable to type 'DocumentType.PURCHASE_ORDER'.
constants/data.ts(16449,17): error TS2322: Type 'number' is not assignable to type 'TaxRate'.
constants/data.ts(16464,17): error TS2322: Type 'number' is not assignable to type 'TaxRate'.
constants/data.ts(16479,17): error TS2322: Type 'number' is not assignable to type 'TaxRate'.
constants/data.ts(16494,17): error TS2322: Type 'number' is not assignable to type 'TaxRate'.
constants/data.ts(16509,17): error TS2322: Type 'number' is not assignable to type 'TaxRate'.
constants/data.ts(16524,9): error TS2322: Type '"PURCHASE_ORDER"' is not assignable to type 'DocumentType.PURCHASE_ORDER'.
constants/data.ts(16548,17): error TS2322: Type 'number' is not assignable to type 'TaxRate'.
constants/data.ts(16563,17): error TS2322: Type 'number' is not assignable to type 'TaxRate'.
constants/data.ts(16578,17): error TS2322: Type 'number' is not assignable to type 'TaxRate'.
constants/data.ts(16593,17): error TS2322: Type 'number' is not assignable to type 'TaxRate'.
constants/data.ts(16608,17): error TS2322: Type 'number' is not assignable to type 'TaxRate'.
constants/data.ts(16623,9): error TS2322: Type '"PURCHASE_ORDER"' is not assignable to type 'DocumentType.PURCHASE_ORDER'.
constants/data.ts(16647,17): error TS2322: Type 'number' is not assignable to type 'TaxRate'.
constants/data.ts(16662,17): error TS2322: Type 'number' is not assignable to type 'TaxRate'.
constants/data.ts(16677,17): error TS2322: Type 'number' is not assignable to type 'TaxRate'.
constants/data.ts(16692,17): error TS2322: Type 'number' is not assignable to type 'TaxRate'.
constants/data.ts(16707,9): error TS2322: Type '"PURCHASE_ORDER"' is not assignable to type 'DocumentType.PURCHASE_ORDER'.
constants/data.ts(16731,17): error TS2322: Type 'number' is not assignable to type 'TaxRate'.
constants/data.ts(16746,17): error TS2322: Type 'number' is not assignable to type 'TaxRate'.
constants/data.ts(16761,9): error TS2322: Type '"PURCHASE_ORDER"' is not assignable to type 'DocumentType.PURCHASE_ORDER'.
constants/data.ts(16785,17): error TS2322: Type 'number' is not assignable to type 'TaxRate'.
constants/data.ts(16800,17): error TS2322: Type 'number' is not assignable to type 'TaxRate'.
constants/data.ts(16815,17): error TS2322: Type 'number' is not assignable to type 'TaxRate'.
constants/data.ts(16830,17): error TS2322: Type 'number' is not assignable to type 'TaxRate'.
constants/data.ts(16845,17): error TS2322: Type 'number' is not assignable to type 'TaxRate'.
constants/data.ts(16860,17): error TS2322: Type 'number' is not assignable to type 'TaxRate'.
constants/data.ts(16875,17): error TS2322: Type 'number' is not assignable to type 'TaxRate'.
constants/data.ts(16890,17): error TS2322: Type 'number' is not assignable to type 'TaxRate'.
constants/data.ts(16905,9): error TS2322: Type '"PURCHASE_ORDER"' is not assignable to type 'DocumentType.PURCHASE_ORDER'.
constants/data.ts(16929,17): error TS2322: Type 'number' is not assignable to type 'TaxRate'.
constants/data.ts(16944,17): error TS2322: Type 'number' is not assignable to type 'TaxRate'.
constants/data.ts(16959,17): error TS2322: Type 'number' is not assignable to type 'TaxRate'.
constants/data.ts(16974,17): error TS2322: Type 'number' is not assignable to type 'TaxRate'.
constants/data.ts(16989,9): error TS2322: Type '"PURCHASE_ORDER"' is not assignable to type 'DocumentType.PURCHASE_ORDER'.
constants/data.ts(17013,17): error TS2322: Type 'number' is not assignable to type 'TaxRate'.
constants/data.ts(17028,9): error TS2322: Type '"PURCHASE_ORDER"' is not assignable to type 'DocumentType.PURCHASE_ORDER'.
constants/data.ts(17052,17): error TS2322: Type 'number' is not assignable to type 'TaxRate'.
constants/data.ts(17067,17): error TS2322: Type 'number' is not assignable to type 'TaxRate'.
constants/data.ts(17082,17): error TS2322: Type 'number' is not assignable to type 'TaxRate'.
constants/data.ts(17097,17): error TS2322: Type 'number' is not assignable to type 'TaxRate'.
constants/data.ts(17112,17): error TS2322: Type 'number' is not assignable to type 'TaxRate'.
constants/data.ts(17127,17): error TS2322: Type 'number' is not assignable to type 'TaxRate'.
constants/data.ts(17142,17): error TS2322: Type 'number' is not assignable to type 'TaxRate'.
constants/data.ts(17157,9): error TS2322: Type '"PURCHASE_ORDER"' is not assignable to type 'DocumentType.PURCHASE_ORDER'.
constants/data.ts(17181,17): error TS2322: Type 'number' is not assignable to type 'TaxRate'.
constants/data.ts(17196,17): error TS2322: Type 'number' is not assignable to type 'TaxRate'.
constants/data.ts(17211,17): error TS2322: Type 'number' is not assignable to type 'TaxRate'.
constants/data.ts(17226,9): error TS2322: Type '"PURCHASE_ORDER"' is not assignable to type 'DocumentType.PURCHASE_ORDER'.
constants/data.ts(17250,17): error TS2322: Type 'number' is not assignable to type 'TaxRate'.
constants/data.ts(17265,9): error TS2322: Type '"PURCHASE_ORDER"' is not assignable to type 'DocumentType.PURCHASE_ORDER'.
constants/data.ts(17289,17): error TS2322: Type 'number' is not assignable to type 'TaxRate'.
constants/data.ts(17304,17): error TS2322: Type 'number' is not assignable to type 'TaxRate'.
constants/data.ts(17319,17): error TS2322: Type 'number' is not assignable to type 'TaxRate'.
constants/data.ts(17334,17): error TS2322: Type 'number' is not assignable to type 'TaxRate'.
constants/data.ts(17349,17): error TS2322: Type 'number' is not assignable to type 'TaxRate'.
constants/data.ts(17364,17): error TS2322: Type 'number' is not assignable to type 'TaxRate'.
constants/data.ts(17379,17): error TS2322: Type 'number' is not assignable to type 'TaxRate'.
constants/data.ts(17394,17): error TS2322: Type 'number' is not assignable to type 'TaxRate'.
constants/data.ts(17409,9): error TS2322: Type '"PURCHASE_ORDER"' is not assignable to type 'DocumentType.PURCHASE_ORDER'.
constants/data.ts(17433,17): error TS2322: Type 'number' is not assignable to type 'TaxRate'.
constants/data.ts(17448,17): error TS2322: Type 'number' is not assignable to type 'TaxRate'.
constants/data.ts(17463,17): error TS2322: Type 'number' is not assignable to type 'TaxRate'.
constants/data.ts(17478,17): error TS2322: Type 'number' is not assignable to type 'TaxRate'.
constants/data.ts(17493,17): error TS2322: Type 'number' is not assignable to type 'TaxRate'.
constants/data.ts(17508,17): error TS2322: Type 'number' is not assignable to type 'TaxRate'.
constants/data.ts(17523,17): error TS2322: Type 'number' is not assignable to type 'TaxRate'.
constants/data.ts(17538,17): error TS2322: Type 'number' is not assignable to type 'TaxRate'.
constants/data.ts(17553,9): error TS2322: Type '"PURCHASE_ORDER"' is not assignable to type 'DocumentType.PURCHASE_ORDER'.
constants/data.ts(17577,17): error TS2322: Type 'number' is not assignable to type 'TaxRate'.
constants/data.ts(17592,17): error TS2322: Type 'number' is not assignable to type 'TaxRate'.
constants/data.ts(17607,17): error TS2322: Type 'number' is not assignable to type 'TaxRate'.
constants/data.ts(17622,17): error TS2322: Type 'number' is not assignable to type 'TaxRate'.
constants/data.ts(17637,17): error TS2322: Type 'number' is not assignable to type 'TaxRate'.
constants/data.ts(17652,9): error TS2322: Type '"PURCHASE_ORDER"' is not assignable to type 'DocumentType.PURCHASE_ORDER'.
constants/data.ts(17676,17): error TS2322: Type 'number' is not assignable to type 'TaxRate'.
constants/data.ts(17691,17): error TS2322: Type 'number' is not assignable to type 'TaxRate'.
constants/data.ts(17706,17): error TS2322: Type 'number' is not assignable to type 'TaxRate'.
constants/data.ts(17721,17): error TS2322: Type 'number' is not assignable to type 'TaxRate'.
constants/data.ts(17736,17): error TS2322: Type 'number' is not assignable to type 'TaxRate'.
constants/data.ts(17751,17): error TS2322: Type 'number' is not assignable to type 'TaxRate'.
constants/data.ts(17766,9): error TS2322: Type '"PURCHASE_ORDER"' is not assignable to type 'DocumentType.PURCHASE_ORDER'.
constants/data.ts(17790,17): error TS2322: Type 'number' is not assignable to type 'TaxRate'.
constants/data.ts(17805,9): error TS2322: Type '"PURCHASE_ORDER"' is not assignable to type 'DocumentType.PURCHASE_ORDER'.
constants/data.ts(17829,17): error TS2322: Type 'number' is not assignable to type 'TaxRate'.
constants/data.ts(17844,9): error TS2322: Type '"PURCHASE_ORDER"' is not assignable to type 'DocumentType.PURCHASE_ORDER'.
constants/data.ts(17868,17): error TS2322: Type 'number' is not assignable to type 'TaxRate'.
constants/data.ts(17883,17): error TS2322: Type 'number' is not assignable to type 'TaxRate'.
constants/data.ts(17898,17): error TS2322: Type 'number' is not assignable to type 'TaxRate'.
constants/data.ts(17913,17): error TS2322: Type 'number' is not assignable to type 'TaxRate'.
constants/data.ts(17928,17): error TS2322: Type 'number' is not assignable to type 'TaxRate'.
constants/data.ts(17943,17): error TS2322: Type 'number' is not assignable to type 'TaxRate'.
constants/data.ts(17958,17): error TS2322: Type 'number' is not assignable to type 'TaxRate'.
constants/data.ts(17973,17): error TS2322: Type 'number' is not assignable to type 'TaxRate'.
constants/data.ts(17988,9): error TS2322: Type '"PURCHASE_ORDER"' is not assignable to type 'DocumentType.PURCHASE_ORDER'.
constants/data.ts(18012,17): error TS2322: Type 'number' is not assignable to type 'TaxRate'.
constants/data.ts(18027,9): error TS2322: Type '"PURCHASE_ORDER"' is not assignable to type 'DocumentType.PURCHASE_ORDER'.
constants/data.ts(18051,17): error TS2322: Type 'number' is not assignable to type 'TaxRate'.
constants/data.ts(18066,17): error TS2322: Type 'number' is not assignable to type 'TaxRate'.
constants/data.ts(18081,17): error TS2322: Type 'number' is not assignable to type 'TaxRate'.
constants/data.ts(18096,17): error TS2322: Type 'number' is not assignable to type 'TaxRate'.
constants/data.ts(18111,17): error TS2322: Type 'number' is not assignable to type 'TaxRate'.
constants/data.ts(18126,17): error TS2322: Type 'number' is not assignable to type 'TaxRate'.
constants/data.ts(18141,17): error TS2322: Type 'number' is not assignable to type 'TaxRate'.
constants/data.ts(18156,17): error TS2322: Type 'number' is not assignable to type 'TaxRate'.
constants/data.ts(18171,9): error TS2322: Type '"PURCHASE_ORDER"' is not assignable to type 'DocumentType.PURCHASE_ORDER'.
constants/data.ts(18195,17): error TS2322: Type 'number' is not assignable to type 'TaxRate'.
constants/data.ts(18210,17): error TS2322: Type 'number' is not assignable to type 'TaxRate'.
constants/data.ts(18225,17): error TS2322: Type 'number' is not assignable to type 'TaxRate'.
constants/data.ts(18240,17): error TS2322: Type 'number' is not assignable to type 'TaxRate'.
constants/data.ts(18255,17): error TS2322: Type 'number' is not assignable to type 'TaxRate'.
constants/data.ts(18270,17): error TS2322: Type 'number' is not assignable to type 'TaxRate'.
constants/data.ts(18285,9): error TS2322: Type '"PURCHASE_ORDER"' is not assignable to type 'DocumentType.PURCHASE_ORDER'.
constants/data.ts(18309,17): error TS2322: Type 'number' is not assignable to type 'TaxRate'.
constants/data.ts(18324,17): error TS2322: Type 'number' is not assignable to type 'TaxRate'.
constants/data.ts(18339,17): error TS2322: Type 'number' is not assignable to type 'TaxRate'.
constants/data.ts(18354,17): error TS2322: Type 'number' is not assignable to type 'TaxRate'.
constants/data.ts(18369,17): error TS2322: Type 'number' is not assignable to type 'TaxRate'.
constants/data.ts(18384,17): error TS2322: Type 'number' is not assignable to type 'TaxRate'.
constants/data.ts(18399,17): error TS2322: Type 'number' is not assignable to type 'TaxRate'.
constants/data.ts(18414,17): error TS2322: Type 'number' is not assignable to type 'TaxRate'.
constants/data.ts(18429,9): error TS2322: Type '"PURCHASE_ORDER"' is not assignable to type 'DocumentType.PURCHASE_ORDER'.
constants/data.ts(18453,17): error TS2322: Type 'number' is not assignable to type 'TaxRate'.
constants/data.ts(18468,17): error TS2322: Type 'number' is not assignable to type 'TaxRate'.
constants/data.ts(18483,17): error TS2322: Type 'number' is not assignable to type 'TaxRate'.
constants/data.ts(18498,17): error TS2322: Type 'number' is not assignable to type 'TaxRate'.
constants/data.ts(18513,17): error TS2322: Type 'number' is not assignable to type 'TaxRate'.
constants/data.ts(18528,17): error TS2322: Type 'number' is not assignable to type 'TaxRate'.
constants/data.ts(18543,17): error TS2322: Type 'number' is not assignable to type 'TaxRate'.
constants/data.ts(18558,17): error TS2322: Type 'number' is not assignable to type 'TaxRate'.
constants/data.ts(18573,9): error TS2322: Type '"PURCHASE_ORDER"' is not assignable to type 'DocumentType.PURCHASE_ORDER'.
constants/data.ts(18597,17): error TS2322: Type 'number' is not assignable to type 'TaxRate'.
constants/data.ts(18612,9): error TS2322: Type '"PURCHASE_ORDER"' is not assignable to type 'DocumentType.PURCHASE_ORDER'.
constants/data.ts(18636,17): error TS2322: Type 'number' is not assignable to type 'TaxRate'.
constants/data.ts(18651,17): error TS2322: Type 'number' is not assignable to type 'TaxRate'.
constants/data.ts(18666,9): error TS2322: Type '"PURCHASE_ORDER"' is not assignable to type 'DocumentType.PURCHASE_ORDER'.
constants/data.ts(18690,17): error TS2322: Type 'number' is not assignable to type 'TaxRate'.
constants/data.ts(18705,17): error TS2322: Type 'number' is not assignable to type 'TaxRate'.
constants/data.ts(18720,17): error TS2322: Type 'number' is not assignable to type 'TaxRate'.
constants/data.ts(18735,17): error TS2322: Type 'number' is not assignable to type 'TaxRate'.
constants/data.ts(18750,9): error TS2322: Type '"PURCHASE_ORDER"' is not assignable to type 'DocumentType.PURCHASE_ORDER'.
constants/data.ts(18774,17): error TS2322: Type 'number' is not assignable to type 'TaxRate'.
constants/data.ts(18789,17): error TS2322: Type 'number' is not assignable to type 'TaxRate'.
constants/data.ts(18804,9): error TS2322: Type '"PURCHASE_ORDER"' is not assignable to type 'DocumentType.PURCHASE_ORDER'.
constants/data.ts(18828,17): error TS2322: Type 'number' is not assignable to type 'TaxRate'.
constants/data.ts(18843,9): error TS2322: Type '"PURCHASE_ORDER"' is not assignable to type 'DocumentType.PURCHASE_ORDER'.
constants/data.ts(18867,17): error TS2322: Type 'number' is not assignable to type 'TaxRate'.
constants/data.ts(18882,17): error TS2322: Type 'number' is not assignable to type 'TaxRate'.
constants/data.ts(18897,17): error TS2322: Type 'number' is not assignable to type 'TaxRate'.
constants/data.ts(18912,17): error TS2322: Type 'number' is not assignable to type 'TaxRate'.
constants/data.ts(18927,17): error TS2322: Type 'number' is not assignable to type 'TaxRate'.
constants/data.ts(18942,17): error TS2322: Type 'number' is not assignable to type 'TaxRate'.
constants/data.ts(18957,9): error TS2322: Type '"PURCHASE_ORDER"' is not assignable to type 'DocumentType.PURCHASE_ORDER'.
constants/data.ts(18981,17): error TS2322: Type 'number' is not assignable to type 'TaxRate'.
constants/data.ts(18996,17): error TS2322: Type 'number' is not assignable to type 'TaxRate'.
constants/data.ts(19011,17): error TS2322: Type 'number' is not assignable to type 'TaxRate'.
constants/data.ts(19026,17): error TS2322: Type 'number' is not assignable to type 'TaxRate'.
constants/data.ts(19041,17): error TS2322: Type 'number' is not assignable to type 'TaxRate'.
constants/data.ts(19056,9): error TS2322: Type '"PURCHASE_ORDER"' is not assignable to type 'DocumentType.PURCHASE_ORDER'.
constants/data.ts(19080,17): error TS2322: Type 'number' is not assignable to type 'TaxRate'.
constants/data.ts(19095,17): error TS2322: Type 'number' is not assignable to type 'TaxRate'.
constants/data.ts(19110,17): error TS2322: Type 'number' is not assignable to type 'TaxRate'.
constants/data.ts(19125,17): error TS2322: Type 'number' is not assignable to type 'TaxRate'.
constants/data.ts(19140,17): error TS2322: Type 'number' is not assignable to type 'TaxRate'.
constants/data.ts(19155,17): error TS2322: Type 'number' is not assignable to type 'TaxRate'.
constants/data.ts(19170,9): error TS2322: Type '"PURCHASE_ORDER"' is not assignable to type 'DocumentType.PURCHASE_ORDER'.
constants/data.ts(19194,17): error TS2322: Type 'number' is not assignable to type 'TaxRate'.
constants/data.ts(19209,17): error TS2322: Type 'number' is not assignable to type 'TaxRate'.
constants/data.ts(19224,17): error TS2322: Type 'number' is not assignable to type 'TaxRate'.
constants/data.ts(19239,17): error TS2322: Type 'number' is not assignable to type 'TaxRate'.
constants/data.ts(19254,17): error TS2322: Type 'number' is not assignable to type 'TaxRate'.
constants/data.ts(19269,9): error TS2322: Type '"PURCHASE_ORDER"' is not assignable to type 'DocumentType.PURCHASE_ORDER'.
constants/data.ts(19293,17): error TS2322: Type 'number' is not assignable to type 'TaxRate'.
constants/data.ts(19308,17): error TS2322: Type 'number' is not assignable to type 'TaxRate'.
constants/data.ts(19323,17): error TS2322: Type 'number' is not assignable to type 'TaxRate'.
constants/data.ts(19338,17): error TS2322: Type 'number' is not assignable to type 'TaxRate'.
constants/data.ts(19353,17): error TS2322: Type 'number' is not assignable to type 'TaxRate'.
constants/data.ts(19368,17): error TS2322: Type 'number' is not assignable to type 'TaxRate'.
constants/data.ts(19383,17): error TS2322: Type 'number' is not assignable to type 'TaxRate'.
constants/data.ts(19398,17): error TS2322: Type 'number' is not assignable to type 'TaxRate'.
constants/data.ts(19413,9): error TS2322: Type '"PURCHASE_ORDER"' is not assignable to type 'DocumentType.PURCHASE_ORDER'.
constants/data.ts(19437,17): error TS2322: Type 'number' is not assignable to type 'TaxRate'.
constants/data.ts(19452,17): error TS2322: Type 'number' is not assignable to type 'TaxRate'.
constants/data.ts(19467,17): error TS2322: Type 'number' is not assignable to type 'TaxRate'.
constants/data.ts(19482,17): error TS2322: Type 'number' is not assignable to type 'TaxRate'.
constants/data.ts(19497,17): error TS2322: Type 'number' is not assignable to type 'TaxRate'.
constants/data.ts(19512,9): error TS2322: Type '"PURCHASE_ORDER"' is not assignable to type 'DocumentType.PURCHASE_ORDER'.
constants/data.ts(19536,17): error TS2322: Type 'number' is not assignable to type 'TaxRate'.
constants/data.ts(19551,17): error TS2322: Type 'number' is not assignable to type 'TaxRate'.
constants/data.ts(19566,17): error TS2322: Type 'number' is not assignable to type 'TaxRate'.
constants/data.ts(19581,17): error TS2322: Type 'number' is not assignable to type 'TaxRate'.
constants/data.ts(19596,17): error TS2322: Type 'number' is not assignable to type 'TaxRate'.
constants/data.ts(19611,17): error TS2322: Type 'number' is not assignable to type 'TaxRate'.
constants/data.ts(19626,17): error TS2322: Type 'number' is not assignable to type 'TaxRate'.
constants/data.ts(19641,9): error TS2322: Type '"PURCHASE_ORDER"' is not assignable to type 'DocumentType.PURCHASE_ORDER'.
constants/data.ts(19665,17): error TS2322: Type 'number' is not assignable to type 'TaxRate'.
constants/data.ts(19680,17): error TS2322: Type 'number' is not assignable to type 'TaxRate'.
constants/data.ts(19695,9): error TS2322: Type '"PURCHASE_ORDER"' is not assignable to type 'DocumentType.PURCHASE_ORDER'.
constants/data.ts(19719,17): error TS2322: Type 'number' is not assignable to type 'TaxRate'.
constants/data.ts(19734,17): error TS2322: Type 'number' is not assignable to type 'TaxRate'.
constants/data.ts(19749,17): error TS2322: Type 'number' is not assignable to type 'TaxRate'.
constants/data.ts(19764,17): error TS2322: Type 'number' is not assignable to type 'TaxRate'.
constants/data.ts(19779,9): error TS2322: Type '"PURCHASE_ORDER"' is not assignable to type 'DocumentType.PURCHASE_ORDER'.
constants/data.ts(19803,17): error TS2322: Type 'number' is not assignable to type 'TaxRate'.
constants/data.ts(19818,17): error TS2322: Type 'number' is not assignable to type 'TaxRate'.
constants/data.ts(19833,17): error TS2322: Type 'number' is not assignable to type 'TaxRate'.
constants/data.ts(19848,9): error TS2322: Type '"PURCHASE_ORDER"' is not assignable to type 'DocumentType.PURCHASE_ORDER'.
constants/data.ts(19872,17): error TS2322: Type 'number' is not assignable to type 'TaxRate'.
constants/data.ts(19887,17): error TS2322: Type 'number' is not assignable to type 'TaxRate'.
constants/data.ts(19902,17): error TS2322: Type 'number' is not assignable to type 'TaxRate'.
constants/data.ts(19917,9): error TS2322: Type '"PURCHASE_ORDER"' is not assignable to type 'DocumentType.PURCHASE_ORDER'.
constants/data.ts(19941,17): error TS2322: Type 'number' is not assignable to type 'TaxRate'.
constants/data.ts(19956,17): error TS2322: Type 'number' is not assignable to type 'TaxRate'.
constants/data.ts(19971,17): error TS2322: Type 'number' is not assignable to type 'TaxRate'.
constants/data.ts(19986,9): error TS2322: Type '"PURCHASE_ORDER"' is not assignable to type 'DocumentType.PURCHASE_ORDER'.
constants/data.ts(20010,17): error TS2322: Type 'number' is not assignable to type 'TaxRate'.
constants/data.ts(20025,17): error TS2322: Type 'number' is not assignable to type 'TaxRate'.
constants/data.ts(20040,17): error TS2322: Type 'number' is not assignable to type 'TaxRate'.
constants/data.ts(20055,17): error TS2322: Type 'number' is not assignable to type 'TaxRate'.
constants/data.ts(20070,17): error TS2322: Type 'number' is not assignable to type 'TaxRate'.
constants/data.ts(20085,17): error TS2322: Type 'number' is not assignable to type 'TaxRate'.
constants/data.ts(20100,17): error TS2322: Type 'number' is not assignable to type 'TaxRate'.
constants/data.ts(20115,9): error TS2322: Type '"PURCHASE_ORDER"' is not assignable to type 'DocumentType.PURCHASE_ORDER'.
constants/data.ts(20139,17): error TS2322: Type 'number' is not assignable to type 'TaxRate'.
constants/data.ts(20154,17): error TS2322: Type 'number' is not assignable to type 'TaxRate'.
constants/data.ts(20169,17): error TS2322: Type 'number' is not assignable to type 'TaxRate'.
constants/data.ts(20184,9): error TS2322: Type '"PURCHASE_ORDER"' is not assignable to type 'DocumentType.PURCHASE_ORDER'.
constants/data.ts(20208,17): error TS2322: Type 'number' is not assignable to type 'TaxRate'.
constants/data.ts(20223,9): error TS2322: Type '"PURCHASE_ORDER"' is not assignable to type 'DocumentType.PURCHASE_ORDER'.
constants/data.ts(20247,17): error TS2322: Type 'number' is not assignable to type 'TaxRate'.
constants/data.ts(20262,17): error TS2322: Type 'number' is not assignable to type 'TaxRate'.
constants/data.ts(20277,17): error TS2322: Type 'number' is not assignable to type 'TaxRate'.
constants/data.ts(20292,17): error TS2322: Type 'number' is not assignable to type 'TaxRate'.
constants/data.ts(20307,17): error TS2322: Type 'number' is not assignable to type 'TaxRate'.
constants/data.ts(20322,17): error TS2322: Type 'number' is not assignable to type 'TaxRate'.
constants/data.ts(20337,17): error TS2322: Type 'number' is not assignable to type 'TaxRate'.
constants/data.ts(20352,9): error TS2322: Type '"PURCHASE_ORDER"' is not assignable to type 'DocumentType.PURCHASE_ORDER'.
constants/data.ts(20376,17): error TS2322: Type 'number' is not assignable to type 'TaxRate'.
constants/data.ts(20391,17): error TS2322: Type 'number' is not assignable to type 'TaxRate'.
constants/data.ts(20406,17): error TS2322: Type 'number' is not assignable to type 'TaxRate'.
constants/data.ts(20421,17): error TS2322: Type 'number' is not assignable to type 'TaxRate'.
constants/data.ts(20436,17): error TS2322: Type 'number' is not assignable to type 'TaxRate'.
constants/data.ts(20451,17): error TS2322: Type 'number' is not assignable to type 'TaxRate'.
constants/data.ts(20466,17): error TS2322: Type 'number' is not assignable to type 'TaxRate'.
constants/data.ts(20481,9): error TS2322: Type '"PURCHASE_ORDER"' is not assignable to type 'DocumentType.PURCHASE_ORDER'.
constants/data.ts(20505,17): error TS2322: Type 'number' is not assignable to type 'TaxRate'.
constants/data.ts(20520,17): error TS2322: Type 'number' is not assignable to type 'TaxRate'.
constants/data.ts(20535,17): error TS2322: Type 'number' is not assignable to type 'TaxRate'.
constants/data.ts(20550,17): error TS2322: Type 'number' is not assignable to type 'TaxRate'.
constants/data.ts(20565,17): error TS2322: Type 'number' is not assignable to type 'TaxRate'.
constants/data.ts(20580,17): error TS2322: Type 'number' is not assignable to type 'TaxRate'.
constants/data.ts(20595,17): error TS2322: Type 'number' is not assignable to type 'TaxRate'.
constants/data.ts(20610,17): error TS2322: Type 'number' is not assignable to type 'TaxRate'.
constants/data.ts(20625,9): error TS2322: Type '"PURCHASE_ORDER"' is not assignable to type 'DocumentType.PURCHASE_ORDER'.
constants/data.ts(20649,17): error TS2322: Type 'number' is not assignable to type 'TaxRate'.
constants/data.ts(20664,17): error TS2322: Type 'number' is not assignable to type 'TaxRate'.
constants/data.ts(20679,17): error TS2322: Type 'number' is not assignable to type 'TaxRate'.
constants/data.ts(20694,17): error TS2322: Type 'number' is not assignable to type 'TaxRate'.
constants/data.ts(20709,17): error TS2322: Type 'number' is not assignable to type 'TaxRate'.
constants/data.ts(20724,17): error TS2322: Type 'number' is not assignable to type 'TaxRate'.
constants/data.ts(20739,9): error TS2322: Type '"PURCHASE_ORDER"' is not assignable to type 'DocumentType.PURCHASE_ORDER'.
constants/data.ts(20763,17): error TS2322: Type 'number' is not assignable to type 'TaxRate'.
constants/data.ts(20778,17): error TS2322: Type 'number' is not assignable to type 'TaxRate'.
constants/data.ts(20793,17): error TS2322: Type 'number' is not assignable to type 'TaxRate'.
constants/data.ts(20808,9): error TS2322: Type '"PURCHASE_ORDER"' is not assignable to type 'DocumentType.PURCHASE_ORDER'.
constants/data.ts(20832,17): error TS2322: Type 'number' is not assignable to type 'TaxRate'.
constants/data.ts(20847,17): error TS2322: Type 'number' is not assignable to type 'TaxRate'.
constants/data.ts(20862,17): error TS2322: Type 'number' is not assignable to type 'TaxRate'.
constants/data.ts(20877,17): error TS2322: Type 'number' is not assignable to type 'TaxRate'.
constants/data.ts(20892,17): error TS2322: Type 'number' is not assignable to type 'TaxRate'.
constants/data.ts(20907,17): error TS2322: Type 'number' is not assignable to type 'TaxRate'.
constants/data.ts(20922,17): error TS2322: Type 'number' is not assignable to type 'TaxRate'.
constants/data.ts(20937,9): error TS2322: Type '"PURCHASE_ORDER"' is not assignable to type 'DocumentType.PURCHASE_ORDER'.
constants/data.ts(20961,17): error TS2322: Type 'number' is not assignable to type 'TaxRate'.
constants/data.ts(20976,17): error TS2322: Type 'number' is not assignable to type 'TaxRate'.
constants/data.ts(20991,17): error TS2322: Type 'number' is not assignable to type 'TaxRate'.
scripts/fix-ui-10.ts(1,16): error TS2591: Cannot find name 'fs'. Do you need to install type definitions for node? Try `npm i --save-dev @types/node` and then add 'node' to the types field in your tsconfig.
scripts/fix-ui-10.ts(2,18): error TS2591: Cannot find name 'path'. Do you need to install type definitions for node? Try `npm i --save-dev @types/node` and then add 'node' to the types field in your tsconfig.
scripts/fix-ui-10.ts(5,26): error TS2304: Cannot find name '__dirname'.
scripts/fix-ui-10.ts(24,40): error TS2304: Cannot find name '__dirname'.
scripts/fix-ui-10.ts(26,89): error TS7006: Parameter 'm' implicitly has an 'any' type.
scripts/fix-ui-10.ts(30,28): error TS2304: Cannot find name '__dirname'.
scripts/fix-ui-10.ts(48,40): error TS2304: Cannot find name '__dirname'.
scripts/fix-ui-10.ts(54,89): error TS7006: Parameter 'match' implicitly has an 'any' type.
scripts/fix-ui-10.ts(54,96): error TS7006: Parameter 'offset' implicitly has an 'any' type.
scripts/fix-ui-10.ts(55,28): error TS2304: Cannot find name '__dirname'.
scripts/fix-ui-10.ts(58,40): error TS2304: Cannot find name '__dirname'.
scripts/fix-ui-10.ts(64,28): error TS2304: Cannot find name '__dirname'.
scripts/fix-ui-11.ts(1,16): error TS2591: Cannot find name 'fs'. Do you need to install type definitions for node? Try `npm i --save-dev @types/node` and then add 'node' to the types field in your tsconfig.
scripts/fix-ui-11.ts(2,18): error TS2591: Cannot find name 'path'. Do you need to install type definitions for node? Try `npm i --save-dev @types/node` and then add 'node' to the types field in your tsconfig.
scripts/fix-ui-11.ts(5,26): error TS2304: Cannot find name '__dirname'.
scripts/fix-ui-12.ts(1,16): error TS2591: Cannot find name 'fs'. Do you need to install type definitions for node? Try `npm i --save-dev @types/node` and then add 'node' to the types field in your tsconfig.
scripts/fix-ui-12.ts(2,18): error TS2591: Cannot find name 'path'. Do you need to install type definitions for node? Try `npm i --save-dev @types/node` and then add 'node' to the types field in your tsconfig.
scripts/fix-ui-12.ts(5,26): error TS2304: Cannot find name '__dirname'.
scripts/fix-ui-13.ts(1,16): error TS2591: Cannot find name 'fs'. Do you need to install type definitions for node? Try `npm i --save-dev @types/node` and then add 'node' to the types field in your tsconfig.
scripts/fix-ui-13.ts(2,18): error TS2591: Cannot find name 'path'. Do you need to install type definitions for node? Try `npm i --save-dev @types/node` and then add 'node' to the types field in your tsconfig.
scripts/fix-ui-13.ts(5,26): error TS2304: Cannot find name '__dirname'.
scripts/fix-ui-13.ts(29,40): error TS2304: Cannot find name '__dirname'.
scripts/fix-ui-13.ts(31,89): error TS7006: Parameter 'm' implicitly has an 'any' type.
scripts/fix-ui-13.ts(35,28): error TS2304: Cannot find name '__dirname'.
scripts/fix-ui-13.ts(56,40): error TS2304: Cannot find name '__dirname'.
scripts/fix-ui-13.ts(66,28): error TS2304: Cannot find name '__dirname'.
scripts/fix-ui-14.ts(1,16): error TS2591: Cannot find name 'fs'. Do you need to install type definitions for node? Try `npm i --save-dev @types/node` and then add 'node' to the types field in your tsconfig.
scripts/fix-ui-14.ts(2,18): error TS2591: Cannot find name 'path'. Do you need to install type definitions for node? Try `npm i --save-dev @types/node` and then add 'node' to the types field in your tsconfig.
scripts/fix-ui-14.ts(4,38): error TS2304: Cannot find name '__dirname'.
scripts/fix-ui-14.ts(23,28): error TS2304: Cannot find name '__dirname'.
scripts/fix-ui-15.ts(1,16): error TS2591: Cannot find name 'fs'. Do you need to install type definitions for node? Try `npm i --save-dev @types/node` and then add 'node' to the types field in your tsconfig.
scripts/fix-ui-15.ts(2,18): error TS2591: Cannot find name 'path'. Do you need to install type definitions for node? Try `npm i --save-dev @types/node` and then add 'node' to the types field in your tsconfig.
scripts/fix-ui-15.ts(5,26): error TS2304: Cannot find name '__dirname'.
scripts/fix-ui-16.ts(1,16): error TS2591: Cannot find name 'fs'. Do you need to install type definitions for node? Try `npm i --save-dev @types/node` and then add 'node' to the types field in your tsconfig.
scripts/fix-ui-16.ts(2,18): error TS2591: Cannot find name 'path'. Do you need to install type definitions for node? Try `npm i --save-dev @types/node` and then add 'node' to the types field in your tsconfig.
scripts/fix-ui-16.ts(5,26): error TS2304: Cannot find name '__dirname'.
scripts/fix-ui-16.ts(20,26): error TS2304: Cannot find name '__dirname'.
scripts/fix-ui-17.ts(1,16): error TS2591: Cannot find name 'fs'. Do you need to install type definitions for node? Try `npm i --save-dev @types/node` and then add 'node' to the types field in your tsconfig.
scripts/fix-ui-17.ts(2,18): error TS2591: Cannot find name 'path'. Do you need to install type definitions for node? Try `npm i --save-dev @types/node` and then add 'node' to the types field in your tsconfig.
scripts/fix-ui-17.ts(5,26): error TS2304: Cannot find name '__dirname'.
scripts/fix-ui-17.ts(32,24): error TS2304: Cannot find name '__dirname'.
scripts/fix-ui-17.ts(63,24): error TS2304: Cannot find name '__dirname'.
scripts/fix-ui-18.ts(1,16): error TS2591: Cannot find name 'fs'. Do you need to install type definitions for node? Try `npm i --save-dev @types/node` and then add 'node' to the types field in your tsconfig.
scripts/fix-ui-18.ts(2,18): error TS2591: Cannot find name 'path'. Do you need to install type definitions for node? Try `npm i --save-dev @types/node` and then add 'node' to the types field in your tsconfig.
scripts/fix-ui-18.ts(5,26): error TS2304: Cannot find name '__dirname'.
scripts/fix-ui-18.ts(16,51): error TS7006: Parameter 'l' implicitly has an 'any' type.
scripts/fix-ui-3.ts(1,16): error TS2591: Cannot find name 'fs'. Do you need to install type definitions for node? Try `npm i --save-dev @types/node` and then add 'node' to the types field in your tsconfig.
scripts/fix-ui-3.ts(2,18): error TS2591: Cannot find name 'path'. Do you need to install type definitions for node? Try `npm i --save-dev @types/node` and then add 'node' to the types field in your tsconfig.
scripts/fix-ui-3.ts(6,33): error TS7006: Parameter 'f' implicitly has an 'any' type.
scripts/fix-ui-3.ts(14,15): error TS2304: Cannot find name '__dirname'.
scripts/fix-ui-3.ts(15,15): error TS2304: Cannot find name '__dirname'.
scripts/fix-ui-3.ts(16,15): error TS2304: Cannot find name '__dirname'.
scripts/fix-ui-4.ts(1,16): error TS2591: Cannot find name 'fs'. Do you need to install type definitions for node? Try `npm i --save-dev @types/node` and then add 'node' to the types field in your tsconfig.
scripts/fix-ui-4.ts(2,18): error TS2591: Cannot find name 'path'. Do you need to install type definitions for node? Try `npm i --save-dev @types/node` and then add 'node' to the types field in your tsconfig.
scripts/fix-ui-4.ts(6,33): error TS7006: Parameter 'f' implicitly has an 'any' type.
scripts/fix-ui-4.ts(14,19): error TS2304: Cannot find name '__dirname'.
scripts/fix-ui-4.ts(15,19): error TS2304: Cannot find name '__dirname'.
scripts/fix-ui-5.ts(1,16): error TS2591: Cannot find name 'fs'. Do you need to install type definitions for node? Try `npm i --save-dev @types/node` and then add 'node' to the types field in your tsconfig.
scripts/fix-ui-5.ts(2,18): error TS2591: Cannot find name 'path'. Do you need to install type definitions for node? Try `npm i --save-dev @types/node` and then add 'node' to the types field in your tsconfig.
scripts/fix-ui-5.ts(4,39): error TS2304: Cannot find name '__dirname'.
scripts/fix-ui-6.ts(1,16): error TS2591: Cannot find name 'fs'. Do you need to install type definitions for node? Try `npm i --save-dev @types/node` and then add 'node' to the types field in your tsconfig.
scripts/fix-ui-6.ts(2,18): error TS2591: Cannot find name 'path'. Do you need to install type definitions for node? Try `npm i --save-dev @types/node` and then add 'node' to the types field in your tsconfig.
scripts/fix-ui-6.ts(5,26): error TS2304: Cannot find name '__dirname'.
scripts/fix-ui-7.ts(1,16): error TS2591: Cannot find name 'fs'. Do you need to install type definitions for node? Try `npm i --save-dev @types/node` and then add 'node' to the types field in your tsconfig.
scripts/fix-ui-7.ts(2,18): error TS2591: Cannot find name 'path'. Do you need to install type definitions for node? Try `npm i --save-dev @types/node` and then add 'node' to the types field in your tsconfig.
scripts/fix-ui-7.ts(5,26): error TS2304: Cannot find name '__dirname'.
scripts/fix-ui-7.ts(17,31): error TS2304: Cannot find name '__dirname'.
scripts/fix-ui-7.ts(19,37): error TS7006: Parameter 'file' implicitly has an 'any' type.
scripts/fix-ui-8.ts(1,16): error TS2591: Cannot find name 'fs'. Do you need to install type definitions for node? Try `npm i --save-dev @types/node` and then add 'node' to the types field in your tsconfig.
scripts/fix-ui-8.ts(2,18): error TS2591: Cannot find name 'path'. Do you need to install type definitions for node? Try `npm i --save-dev @types/node` and then add 'node' to the types field in your tsconfig.
scripts/fix-ui-8.ts(5,26): error TS2304: Cannot find name '__dirname'.
scripts/fix-ui-8.ts(14,89): error TS7006: Parameter 'match' implicitly has an 'any' type.
scripts/fix-ui-8.ts(14,96): error TS7006: Parameter 'offset' implicitly has an 'any' type.
scripts/fix-ui.ts(1,16): error TS2591: Cannot find name 'fs'. Do you need to install type definitions for node? Try `npm i --save-dev @types/node` and then add 'node' to the types field in your tsconfig.
scripts/fix-ui.ts(2,18): error TS2591: Cannot find name 'path'. Do you need to install type definitions for node? Try `npm i --save-dev @types/node` and then add 'node' to the types field in your tsconfig.
scripts/fix-ui.ts(5,33): error TS7006: Parameter 'f' implicitly has an 'any' type.
scripts/fix-ui.ts(12,26): error TS2304: Cannot find name '__dirname'.
scripts/fix-ui.ts(13,26): error TS2304: Cannot find name '__dirname'.
scripts/generate-mock.ts(1,16): error TS2591: Cannot find name 'fs'. Do you need to install type definitions for node? Try `npm i --save-dev @types/node` and then add 'node' to the types field in your tsconfig.
scripts/generate-mock.ts(2,18): error TS2591: Cannot find name 'path'. Do you need to install type definitions for node? Try `npm i --save-dev @types/node` and then add 'node' to the types field in your tsconfig.
scripts/generate-mock.ts(368,28): error TS2304: Cannot find name '__dirname'.
